******************************************************************************
             TMS320C2000 Linker PC v21.6.0                     
******************************************************************************
>> Linked Sun Apr  3 15:41:05 2022

OUTPUT FILE NAME:   <EPWM_SPWM2.out>
ENTRY POINT SYMBOL: "_c_int00"  address: 00009852


MEMORY CONFIGURATION

         name            origin    length      used     unused   attr    fill
----------------------  --------  ---------  --------  --------  ----  --------
PAGE 0:
  BEGIN                 00000000   00000002  00000002  00000000  RWIX
  RAMM0                 00000050   000003b0  00000000  000003b0  RWIX
  RAML0                 00008000   00001000  00000087  00000f79  RWIX
  RAML1                 00009000   00001000  00000a5b  000005a5  RWIX
  RAML2                 0000a000   00001000  00000000  00001000  RWIX
  RAML3                 0000b000   00001000  00000000  00001000  RWIX
  ZONE7A                00200000   0000fc00  00000000  0000fc00  RWIX
  CSM_RSVD              0033ff80   00000076  00000000  00000076  RWIX
  CSM_PWL               0033fff8   00000008  00000000  00000008  RWIX
  ADC_CAL               00380080   00000009  00000007  00000002  RWIX
  IQTABLES              003fe000   00000b50  00000000  00000b50  RWIX
  IQTABLES2             003feb50   0000008c  00000000  0000008c  RWIX
  FPUTABLES             003febdc   000006a0  00000000  000006a0  RWIX
  BOOTROM               003ff27c   00000d44  00000000  00000d44  RWIX
  RESET                 003fffc0   00000002  00000000  00000002  RWIX

PAGE 1:
  BOOT_RSVD             00000002   0000004e  00000000  0000004e  RWIX
  RAMM1                 00000400   00000400  00000300  00000100  RWIX
  DEV_EMU               00000880   00000180  000000d0  000000b0  RWIX
  FLASH_REGS            00000a80   00000060  00000008  00000058  RWIX
  CSM                   00000ae0   00000010  00000010  00000000  RWIX
  ADC_MIRROR            00000b00   00000010  00000010  00000000  RWIX
  XINTF                 00000b20   00000020  0000001e  00000002  RWIX
  CPU_TIMER0            00000c00   00000008  00000008  00000000  RWIX
  CPU_TIMER1            00000c08   00000008  00000008  00000000  RWIX
  CPU_TIMER2            00000c10   00000008  00000008  00000000  RWIX
  PIE_CTRL              00000ce0   00000020  0000001a  00000006  RWIX
  PIE_VECT              00000d00   00000100  00000100  00000000  RWIX
  DMA                   00001000   00000200  000000e0  00000120  RWIX
  MCBSPA                00005000   00000040  00000025  0000001b  RWIX
  MCBSPB                00005040   00000040  00000025  0000001b  RWIX
  ECANA                 00006000   00000040  00000034  0000000c  RWIX
  ECANA_LAM             00006040   00000040  00000040  00000000  RWIX
  ECANA_MOTS            00006080   00000040  00000040  00000000  RWIX
  ECANA_MOTO            000060c0   00000040  00000040  00000000  RWIX
  ECANA_MBOX            00006100   00000100  00000100  00000000  RWIX
  ECANB                 00006200   00000040  00000034  0000000c  RWIX
  ECANB_LAM             00006240   00000040  00000040  00000000  RWIX
  ECANB_MOTS            00006280   00000040  00000040  00000000  RWIX
  ECANB_MOTO            000062c0   00000040  00000040  00000000  RWIX
  ECANB_MBOX            00006300   00000100  00000100  00000000  RWIX
  EPWM1                 00006800   00000022  00000022  00000000  RWIX
  EPWM2                 00006840   00000022  00000022  00000000  RWIX
  EPWM3                 00006880   00000022  00000022  00000000  RWIX
  EPWM4                 000068c0   00000022  00000022  00000000  RWIX
  EPWM5                 00006900   00000022  00000022  00000000  RWIX
  EPWM6                 00006940   00000022  00000022  00000000  RWIX
  ECAP1                 00006a00   00000020  00000020  00000000  RWIX
  ECAP2                 00006a20   00000020  00000020  00000000  RWIX
  ECAP3                 00006a40   00000020  00000020  00000000  RWIX
  ECAP4                 00006a60   00000020  00000020  00000000  RWIX
  ECAP5                 00006a80   00000020  00000020  00000000  RWIX
  ECAP6                 00006aa0   00000020  00000020  00000000  RWIX
  EQEP1                 00006b00   00000040  00000040  00000000  RWIX
  EQEP2                 00006b40   00000040  00000040  00000000  RWIX
  GPIOCTRL              00006f80   00000040  0000002e  00000012  RWIX
  GPIODAT               00006fc0   00000020  00000020  00000000  RWIX
  GPIOINT               00006fe0   00000020  0000000a  00000016  RWIX
  SYSTEM                00007010   00000020  00000020  00000000  RWIX
  SPIA                  00007040   00000010  00000010  00000000  RWIX
  SCIA                  00007050   00000010  00000010  00000000  RWIX
  XINTRUPT              00007070   00000010  00000010  00000000  RWIX
  ADC                   00007100   00000020  0000001e  00000002  RWIX
  SCIB                  00007750   00000010  00000010  00000000  RWIX
  SCIC                  00007770   00000010  00000010  00000000  RWIX
  I2CA                  00007900   00000040  00000022  0000001e  RWIX
  RAML4                 0000c000   00001000  00000cbe  00000342  RWIX
  RAML5                 0000d000   00001000  00000100  00000f00  RWIX
  RAML6                 0000e000   00001000  00000000  00001000  RWIX
  RAML7                 0000f000   00001000  00000000  00001000  RWIX
  ZONE7B                0020fc00   00000400  00000000  00000400  RWIX
  CSM_PWL               0033fff8   00000008  00000008  00000000  RWIX
  PARTID                00380090   00000001  00000001  00000000  RWIX


SECTION ALLOCATION MAP

 output                                  attributes/
section   page    origin      length       input sections
--------  ----  ----------  ----------   ----------------
codestart 
*          0    00000000    00000002     
                  00000000    00000002     DSP2833x_CodeStartBranch.obj (codestart)

.cinit     0    00008000    00000083     
                  00008000    0000005e     main.obj (.cinit)
                  0000805e    0000000e     rts2800_fpu32.lib : exit.c.obj (.cinit)
                  0000806c    0000000b     key.obj (.cinit)
                  00008077    00000005     rts2800_fpu32.lib : _lock.c.obj (.cinit:__lock)
                  0000807c    00000005                       : _lock.c.obj (.cinit:__unlock)
                  00008081    00000002     --HOLE-- [fill = 0]

.TI.ramfunc 
*          0    00008083    00000004     
                  00008083    00000004     DSP2833x_usDelay.obj (.TI.ramfunc)

.text      0    00009000    00000a5b     
                  00009000    00000316     DSP2833x_DefaultIsr.obj (.text:retain)
                  00009316    000001ca     main.obj (.text:retain)
                  000094e0    000000f3     DSP2833x_SysCtrl.obj (.text)
                  000095d3    000000c8     DSP2833x_EPwm.obj (.text)
                  0000969b    00000088     rts2800_fpu32.lib : fs_div28.asm.obj (.text)
                  00009723    00000072     epwm_0.obj (.text)
                  00009795    00000064     pi.obj (.text)
                  000097f9    00000059     rts2800_fpu32.lib : s_sinf.c.obj (.text)
                  00009852    00000056                       : boot28.asm.obj (.text)
                  000098a8    0000003f     main.obj (.text)
                  000098e7    0000003c     key.obj (.text)
                  00009923    0000002b     adc.obj (.text)
                  0000994e    00000029     rts2800_fpu32.lib : exit.c.obj (.text)
                  00009977    00000028     DSP2833x_PieCtrl.obj (.text)
                  0000999f    00000024     rts2800_fpu32.lib : cpy_tbl.c.obj (.text)
                  000099c3    00000020     DSP2833x_PieVect.obj (.text)
                  000099e3    0000001d     rts2800_fpu32.lib : memcpy.c.obj (.text)
                  00009a00    00000017     DSP2833x_Gpio.obj (.text)
                  00009a17    00000014     DSP2833x_Adc.obj (.text)
                  00009a2b    00000012     rts2800_fpu32.lib : args_main.c.obj (.text)
                  00009a3d    0000000a     led.obj (.text)
                  00009a47    00000009     rts2800_fpu32.lib : _lock.c.obj (.text)
                  00009a50    00000008     DSP2833x_CodeStartBranch.obj (.text)
                  00009a58    00000002     rts2800_fpu32.lib : pre_init.c.obj (.text)
                  00009a5a    00000001                       : startup.c.obj (.text)

.pinit     0    00008000    00000000     UNINITIALIZED

.stack     1    00000400    00000300     UNINITIALIZED
                  00000400    00000300     --HOLE--

DevEmuRegsFile 
*          1    00000880    000000d0     UNINITIALIZED
                  00000880    000000d0     DSP2833x_GlobalVariableDefs.obj (DevEmuRegsFile)

FlashRegsFile 
*          1    00000a80    00000008     UNINITIALIZED
                  00000a80    00000008     DSP2833x_GlobalVariableDefs.obj (FlashRegsFile)

CsmRegsFile 
*          1    00000ae0    00000010     UNINITIALIZED
                  00000ae0    00000010     DSP2833x_GlobalVariableDefs.obj (CsmRegsFile)

AdcMirrorFile 
*          1    00000b00    00000010     UNINITIALIZED
                  00000b00    00000010     DSP2833x_GlobalVariableDefs.obj (AdcMirrorFile)

XintfRegsFile 
*          1    00000b20    0000001e     UNINITIALIZED
                  00000b20    0000001e     DSP2833x_GlobalVariableDefs.obj (XintfRegsFile)

CpuTimer0RegsFile 
*          1    00000c00    00000008     UNINITIALIZED
                  00000c00    00000008     DSP2833x_GlobalVariableDefs.obj (CpuTimer0RegsFile)

CpuTimer1RegsFile 
*          1    00000c08    00000008     UNINITIALIZED
                  00000c08    00000008     DSP2833x_GlobalVariableDefs.obj (CpuTimer1RegsFile)

CpuTimer2RegsFile 
*          1    00000c10    00000008     UNINITIALIZED
                  00000c10    00000008     DSP2833x_GlobalVariableDefs.obj (CpuTimer2RegsFile)

PieCtrlRegsFile 
*          1    00000ce0    0000001a     UNINITIALIZED
                  00000ce0    0000001a     DSP2833x_GlobalVariableDefs.obj (PieCtrlRegsFile)

ECanaMOTSRegsFile 
*          1    00006080    00000040     UNINITIALIZED
                  00006080    00000040     DSP2833x_GlobalVariableDefs.obj (ECanaMOTSRegsFile)

ECanaMOTORegsFile 
*          1    000060c0    00000040     UNINITIALIZED
                  000060c0    00000040     DSP2833x_GlobalVariableDefs.obj (ECanaMOTORegsFile)

ECanbMOTSRegsFile 
*          1    00006280    00000040     UNINITIALIZED
                  00006280    00000040     DSP2833x_GlobalVariableDefs.obj (ECanbMOTSRegsFile)

ECanbMOTORegsFile 
*          1    000062c0    00000040     UNINITIALIZED
                  000062c0    00000040     DSP2833x_GlobalVariableDefs.obj (ECanbMOTORegsFile)

.ebss      1    0000c000    00000cbe     UNINITIALIZED
                  0000c000    00000640     main.obj (.ebss:_Uo_Real)
                  0000c640    00000640     main.obj (.ebss:_Uref_Real)
                  0000cc80    0000002e     main.obj (.ebss)
                  0000ccae    00000006     key.obj (.ebss)
                  0000ccb4    00000006     rts2800_fpu32.lib : exit.c.obj (.ebss)
                  0000ccba    00000002                       : _lock.c.obj (.ebss:__lock)
                  0000ccbc    00000002                       : _lock.c.obj (.ebss:__unlock)

.econst    1    0000d000    00000100     
                  0000d000    00000100     DSP2833x_PieVect.obj (.econst:_PieVectTableInit)

.reset     0    003fffc0    00000002     DSECT
                  003fffc0    00000002     rts2800_fpu32.lib : boot28.asm.obj (.reset)

csm_rsvd   0    0033ff80    00000000     DSECT

csmpasswds 
*          0    0033fff8    00000000     DSECT

.adc_cal   0    00380080    00000007     NOLOAD SECTION
                  00380080    00000007     DSP2833x_ADC_cal.obj (.adc_cal)

PieVectTableFile 
*          1    00000d00    00000100     UNINITIALIZED
                  00000d00    00000100     DSP2833x_GlobalVariableDefs.obj (PieVectTableFile)

DmaRegsFile 
*          1    00001000    000000e0     UNINITIALIZED
                  00001000    000000e0     DSP2833x_GlobalVariableDefs.obj (DmaRegsFile)

McbspaRegsFile 
*          1    00005000    00000025     UNINITIALIZED
                  00005000    00000025     DSP2833x_GlobalVariableDefs.obj (McbspaRegsFile)

McbspbRegsFile 
*          1    00005040    00000025     UNINITIALIZED
                  00005040    00000025     DSP2833x_GlobalVariableDefs.obj (McbspbRegsFile)

ECanaRegsFile 
*          1    00006000    00000034     UNINITIALIZED
                  00006000    00000034     DSP2833x_GlobalVariableDefs.obj (ECanaRegsFile)

ECanaLAMRegsFile 
*          1    00006040    00000040     UNINITIALIZED
                  00006040    00000040     DSP2833x_GlobalVariableDefs.obj (ECanaLAMRegsFile)

ECanaMboxesFile 
*          1    00006100    00000100     UNINITIALIZED
                  00006100    00000100     DSP2833x_GlobalVariableDefs.obj (ECanaMboxesFile)

ECanbRegsFile 
*          1    00006200    00000034     UNINITIALIZED
                  00006200    00000034     DSP2833x_GlobalVariableDefs.obj (ECanbRegsFile)

ECanbLAMRegsFile 
*          1    00006240    00000040     UNINITIALIZED
                  00006240    00000040     DSP2833x_GlobalVariableDefs.obj (ECanbLAMRegsFile)

ECanbMboxesFile 
*          1    00006300    00000100     UNINITIALIZED
                  00006300    00000100     DSP2833x_GlobalVariableDefs.obj (ECanbMboxesFile)

EPwm1RegsFile 
*          1    00006800    00000022     UNINITIALIZED
                  00006800    00000022     DSP2833x_GlobalVariableDefs.obj (EPwm1RegsFile)

EPwm2RegsFile 
*          1    00006840    00000022     UNINITIALIZED
                  00006840    00000022     DSP2833x_GlobalVariableDefs.obj (EPwm2RegsFile)

EPwm3RegsFile 
*          1    00006880    00000022     UNINITIALIZED
                  00006880    00000022     DSP2833x_GlobalVariableDefs.obj (EPwm3RegsFile)

EPwm4RegsFile 
*          1    000068c0    00000022     UNINITIALIZED
                  000068c0    00000022     DSP2833x_GlobalVariableDefs.obj (EPwm4RegsFile)

EPwm5RegsFile 
*          1    00006900    00000022     UNINITIALIZED
                  00006900    00000022     DSP2833x_GlobalVariableDefs.obj (EPwm5RegsFile)

EPwm6RegsFile 
*          1    00006940    00000022     UNINITIALIZED
                  00006940    00000022     DSP2833x_GlobalVariableDefs.obj (EPwm6RegsFile)

ECap1RegsFile 
*          1    00006a00    00000020     UNINITIALIZED
                  00006a00    00000020     DSP2833x_GlobalVariableDefs.obj (ECap1RegsFile)

ECap2RegsFile 
*          1    00006a20    00000020     UNINITIALIZED
                  00006a20    00000020     DSP2833x_GlobalVariableDefs.obj (ECap2RegsFile)

ECap3RegsFile 
*          1    00006a40    00000020     UNINITIALIZED
                  00006a40    00000020     DSP2833x_GlobalVariableDefs.obj (ECap3RegsFile)

ECap4RegsFile 
*          1    00006a60    00000020     UNINITIALIZED
                  00006a60    00000020     DSP2833x_GlobalVariableDefs.obj (ECap4RegsFile)

ECap5RegsFile 
*          1    00006a80    00000020     UNINITIALIZED
                  00006a80    00000020     DSP2833x_GlobalVariableDefs.obj (ECap5RegsFile)

ECap6RegsFile 
*          1    00006aa0    00000020     UNINITIALIZED
                  00006aa0    00000020     DSP2833x_GlobalVariableDefs.obj (ECap6RegsFile)

EQep1RegsFile 
*          1    00006b00    00000040     UNINITIALIZED
                  00006b00    00000040     DSP2833x_GlobalVariableDefs.obj (EQep1RegsFile)

EQep2RegsFile 
*          1    00006b40    00000040     UNINITIALIZED
                  00006b40    00000040     DSP2833x_GlobalVariableDefs.obj (EQep2RegsFile)

GpioCtrlRegsFile 
*          1    00006f80    0000002e     UNINITIALIZED
                  00006f80    0000002e     DSP2833x_GlobalVariableDefs.obj (GpioCtrlRegsFile)

GpioDataRegsFile 
*          1    00006fc0    00000020     UNINITIALIZED
                  00006fc0    00000020     DSP2833x_GlobalVariableDefs.obj (GpioDataRegsFile)

GpioIntRegsFile 
*          1    00006fe0    0000000a     UNINITIALIZED
                  00006fe0    0000000a     DSP2833x_GlobalVariableDefs.obj (GpioIntRegsFile)

SysCtrlRegsFile 
*          1    00007010    00000020     UNINITIALIZED
                  00007010    00000020     DSP2833x_GlobalVariableDefs.obj (SysCtrlRegsFile)

SpiaRegsFile 
*          1    00007040    00000010     UNINITIALIZED
                  00007040    00000010     DSP2833x_GlobalVariableDefs.obj (SpiaRegsFile)

SciaRegsFile 
*          1    00007050    00000010     UNINITIALIZED
                  00007050    00000010     DSP2833x_GlobalVariableDefs.obj (SciaRegsFile)

XIntruptRegsFile 
*          1    00007070    00000010     UNINITIALIZED
                  00007070    00000010     DSP2833x_GlobalVariableDefs.obj (XIntruptRegsFile)

AdcRegsFile 
*          1    00007100    0000001e     UNINITIALIZED
                  00007100    0000001e     DSP2833x_GlobalVariableDefs.obj (AdcRegsFile)

ScibRegsFile 
*          1    00007750    00000010     UNINITIALIZED
                  00007750    00000010     DSP2833x_GlobalVariableDefs.obj (ScibRegsFile)

ScicRegsFile 
*          1    00007770    00000010     UNINITIALIZED
                  00007770    00000010     DSP2833x_GlobalVariableDefs.obj (ScicRegsFile)

I2caRegsFile 
*          1    00007900    00000022     UNINITIALIZED
                  00007900    00000022     DSP2833x_GlobalVariableDefs.obj (I2caRegsFile)

CsmPwlFile 
*          1    0033fff8    00000008     UNINITIALIZED
                  0033fff8    00000008     DSP2833x_GlobalVariableDefs.obj (CsmPwlFile)

PartIdRegsFile 
*          1    00380090    00000001     UNINITIALIZED
                  00380090    00000001     DSP2833x_GlobalVariableDefs.obj (PartIdRegsFile)

MODULE SUMMARY

       Module                            code   initialized data   uninitialized data
       ------                            ----   ----------------   ------------------
    .\
       main.obj                          521    94                 3246              
    +--+---------------------------------+------+------------------+--------------------+
       Total:                            521    94                 3246              
                                                                                     
    .\APP\adc\
       adc.obj                           43     0                  0                 
    +--+---------------------------------+------+------------------+--------------------+
       Total:                            43     0                  0                 
                                                                                     
    .\APP\epwm\
       epwm_0.obj                        114    0                  0                 
    +--+---------------------------------+------+------------------+--------------------+
       Total:                            114    0                  0                 
                                                                                     
    .\APP\key\
       key.obj                           60     11                 6                 
    +--+---------------------------------+------+------------------+--------------------+
       Total:                            60     11                 6                 
                                                                                     
    .\APP\led\
       led.obj                           10     0                  0                 
    +--+---------------------------------+------+------------------+--------------------+
       Total:                            10     0                  0                 
                                                                                     
    .\APP\pi\
       pi.obj                            100    0                  0                 
    +--+---------------------------------+------+------------------+--------------------+
       Total:                            100    0                  0                 
                                                                                     
    .\DSP2833x_Libraries\source\
       DSP2833x_GlobalVariableDefs.obj   0      0                  2679              
       DSP2833x_DefaultIsr.obj           790    0                  0                 
       DSP2833x_PieVect.obj              32     256                0                 
       DSP2833x_SysCtrl.obj              243    0                  0                 
       DSP2833x_EPwm.obj                 200    0                  0                 
       DSP2833x_PieCtrl.obj              40     0                  0                 
       DSP2833x_Gpio.obj                 23     0                  0                 
       DSP2833x_Adc.obj                  20     0                  0                 
       DSP2833x_CodeStartBranch.obj      10     0                  0                 
       DSP2833x_ADC_cal.obj              7      0                  0                 
       DSP2833x_usDelay.obj              4      0                  0                 
    +--+---------------------------------+------+------------------+--------------------+
       Total:                            1369   256                2679              
                                                                                     
    D:\CCS\ccs\tools\compiler\ti-cgt-c2000_21.6.0.LTS\lib\rts2800_fpu32.lib
       fs_div28.asm.obj                  136    0                  0                 
       s_sinf.c.obj                      89     0                  0                 
       boot28.asm.obj                    86     0                  0                 
       exit.c.obj                        41     14                 6                 
       cpy_tbl.c.obj                     36     0                  0                 
       memcpy.c.obj                      29     0                  0                 
       _lock.c.obj                       9      10                 4                 
       args_main.c.obj                   18     0                  0                 
       pre_init.c.obj                    2      0                  0                 
       startup.c.obj                     1      0                  0                 
    +--+---------------------------------+------+------------------+--------------------+
       Total:                            447    24                 10                
                                                                                     
       Stack:                            0      0                  768               
    +--+---------------------------------+------+------------------+--------------------+
       Grand Total:                      2664   385                6709              


GLOBAL DATA SYMBOLS: SORTED BY DATA PAGE

address     data page           name
--------    ----------------    ----
00000400      10 (00000400)     __stack

00000880      22 (00000880)     _DevEmuRegs

00000a80      2a (00000a80)     _FlashRegs

00000ae0      2b (00000ac0)     _CsmRegs

00000b00      2c (00000b00)     _AdcMirror
00000b20      2c (00000b00)     _XintfRegs

00000c00      30 (00000c00)     _CpuTimer0Regs
00000c08      30 (00000c00)     _CpuTimer1Regs
00000c10      30 (00000c00)     _CpuTimer2Regs

00000ce0      33 (00000cc0)     _PieCtrlRegs

00000d00      34 (00000d00)     _PieVectTable

00001000      40 (00001000)     _DmaRegs

00005000     140 (00005000)     _McbspaRegs

00005040     141 (00005040)     _McbspbRegs

00006000     180 (00006000)     _ECanaRegs

00006040     181 (00006040)     _ECanaLAMRegs

00006080     182 (00006080)     _ECanaMOTSRegs

000060c0     183 (000060c0)     _ECanaMOTORegs

00006100     184 (00006100)     _ECanaMboxes

00006200     188 (00006200)     _ECanbRegs

00006240     189 (00006240)     _ECanbLAMRegs

00006280     18a (00006280)     _ECanbMOTSRegs

000062c0     18b (000062c0)     _ECanbMOTORegs

00006300     18c (00006300)     _ECanbMboxes

00006800     1a0 (00006800)     _EPwm1Regs

00006840     1a1 (00006840)     _EPwm2Regs

00006880     1a2 (00006880)     _EPwm3Regs

000068c0     1a3 (000068c0)     _EPwm4Regs

00006900     1a4 (00006900)     _EPwm5Regs

00006940     1a5 (00006940)     _EPwm6Regs

00006a00     1a8 (00006a00)     _ECap1Regs
00006a20     1a8 (00006a00)     _ECap2Regs

00006a40     1a9 (00006a40)     _ECap3Regs
00006a60     1a9 (00006a40)     _ECap4Regs

00006a80     1aa (00006a80)     _ECap5Regs
00006aa0     1aa (00006a80)     _ECap6Regs

00006b00     1ac (00006b00)     _EQep1Regs

00006b40     1ad (00006b40)     _EQep2Regs

00006f80     1be (00006f80)     _GpioCtrlRegs

00006fc0     1bf (00006fc0)     _GpioDataRegs
00006fe0     1bf (00006fc0)     _GpioIntRegs

00007010     1c0 (00007000)     _SysCtrlRegs

00007040     1c1 (00007040)     _SpiaRegs
00007050     1c1 (00007040)     _SciaRegs
00007070     1c1 (00007040)     _XIntruptRegs

00007100     1c4 (00007100)     _AdcRegs

00007750     1dd (00007740)     _ScibRegs
00007770     1dd (00007740)     _ScicRegs

00007900     1e4 (00007900)     _I2caRegs

0000c000     300 (0000c000)     _Uo_Real

0000c640     319 (0000c640)     _Uref_Real

0000cc80     332 (0000cc80)     _Uo_AD
0000cc81     332 (0000cc80)     _IL_AD
0000cc82     332 (0000cc80)     _Uin_AD
0000cc83     332 (0000cc80)     _Phase_index
0000cc84     332 (0000cc80)     _start_flag
0000cc85     332 (0000cc80)     _protect_flag
0000cc86     332 (0000cc80)     _Uo
0000cc88     332 (0000cc80)     _IL
0000cc8a     332 (0000cc80)     _Uin
0000cc8c     332 (0000cc80)     _Urefm
0000cc8e     332 (0000cc80)     _Uref
0000cc90     332 (0000cc80)     _ek
0000cc92     332 (0000cc80)     _ek_1
0000cc94     332 (0000cc80)     _ek_2
0000cc96     332 (0000cc80)     _uk
0000cc98     332 (0000cc80)     _uk_1
0000cc9a     332 (0000cc80)     _uk_2
0000cc9c     332 (0000cc80)     _Iref
0000cc9e     332 (0000cc80)     _ek_IL
0000cca0     332 (0000cc80)     _Vc
0000cca2     332 (0000cc80)     _PI_Current
0000ccb0     332 (0000cc80)     _key_module
0000ccb4     332 (0000cc80)     ___TI_enable_exit_profile_output
0000ccb6     332 (0000cc80)     ___TI_cleanup_ptr
0000ccb8     332 (0000cc80)     ___TI_dtors_ptr
0000ccba     332 (0000cc80)     __lock
0000ccbc     332 (0000cc80)     __unlock

0000d000     340 (0000d000)     _PieVectTableInit

0033fff8    cfff (0033ffc0)     _CsmPwl

00380090    e002 (00380080)     _PartIdRegs


GLOBAL SYMBOLS: SORTED ALPHABETICALLY BY Name 

page  address   name                            
----  -------   ----                            
0     00009000  .text                           
0     0000994e  C$$EXIT                         
0     0000969b  FS$$DIV                         
0     000090e6  _ADCINT_ISR                     
0     00380080  _ADC_cal                        
1     00000b00  _AdcMirror                      
1     00007100  _AdcRegs                        
1     00000c00  _CpuTimer0Regs                  
1     00000c08  _CpuTimer1Regs                  
1     00000c10  _CpuTimer2Regs                  
1     0033fff8  _CsmPwl                         
1     00000ae0  _CsmRegs                        
0     000095a2  _CsmUnlock                      
0     00009014  _DATALOG_ISR                    
0     00009208  _DINTCH1_ISR                    
0     00009212  _DINTCH2_ISR                    
0     0000921c  _DINTCH3_ISR                    
0     00009226  _DINTCH4_ISR                    
0     00009230  _DINTCH5_ISR                    
0     0000923a  _DINTCH6_ISR                    
0     00008083  _DSP28x_usDelay                 
1     00000880  _DevEmuRegs                     
0     000094f3  _DisableDog                     
1     00001000  _DmaRegs                        
0     00009294  _ECAN0INTA_ISR                  
0     000092a8  _ECAN0INTB_ISR                  
0     0000929e  _ECAN1INTA_ISR                  
0     000092b2  _ECAN1INTB_ISR                  
0     0000917c  _ECAP1_INT_ISR                  
0     00009186  _ECAP2_INT_ISR                  
0     00009190  _ECAP3_INT_ISR                  
0     0000919a  _ECAP4_INT_ISR                  
0     000091a4  _ECAP5_INT_ISR                  
0     000091ae  _ECAP6_INT_ISR                  
1     00006040  _ECanaLAMRegs                   
1     000060c0  _ECanaMOTORegs                  
1     00006080  _ECanaMOTSRegs                  
1     00006100  _ECanaMboxes                    
1     00006000  _ECanaRegs                      
1     00006240  _ECanbLAMRegs                   
1     000062c0  _ECanbMOTORegs                  
1     00006280  _ECanbMOTSRegs                  
1     00006300  _ECanbMboxes                    
1     00006200  _ECanbRegs                      
1     00006a00  _ECap1Regs                      
1     00006a20  _ECap2Regs                      
1     00006a40  _ECap3Regs                      
1     00006a60  _ECap4Regs                      
1     00006a80  _ECap5Regs                      
1     00006aa0  _ECap6Regs                      
0     00009028  _EMUINT_ISR                     
0     00009140  _EPWM1_INT_ISR                  
0     00009104  _EPWM1_TZINT_ISR                
0     0000914a  _EPWM2_INT_ISR                  
0     0000910e  _EPWM2_TZINT_ISR                
0     00009154  _EPWM3_INT_ISR                  
0     00009118  _EPWM3_TZINT_ISR                
0     0000915e  _EPWM4_INT_ISR                  
0     00009122  _EPWM4_TZINT_ISR                
0     00009168  _EPWM5_INT_ISR                  
0     0000912c  _EPWM5_TZINT_ISR                
0     00009172  _EPWM6_INT_ISR                  
0     00009136  _EPWM6_TZINT_ISR                
1     00006800  _EPwm1Regs                      
1     00006840  _EPwm2Regs                      
1     00006880  _EPwm3Regs                      
1     000068c0  _EPwm4Regs                      
1     00006900  _EPwm5Regs                      
1     00006940  _EPwm6Regs                      
0     000091b8  _EQEP1_INT_ISR                  
0     000091c2  _EQEP2_INT_ISR                  
1     00006b00  _EQep1Regs                      
1     00006b40  _EQep2Regs                      
0     00009996  _EnableInterrupts               
1     00000a80  _FlashRegs                      
1     00006f80  _GpioCtrlRegs                   
1     00006fc0  _GpioDataRegs                   
1     00006fe0  _GpioIntRegs                    
0     00009244  _I2CINT1A_ISR                   
0     0000924e  _I2CINT2A_ISR                   
1     00007900  _I2caRegs                       
1     0000cc88  _IL                             
0     0000903c  _ILLEGAL_ISR                    
1     0000cc81  _IL_AD                          
0     00009000  _INT13_ISR                      
0     0000900a  _INT14_ISR                      
0     00009a17  _InitAdc                        
0     000095d3  _InitEPwm                       
0     000095e1  _InitEPwm1Gpio                  
0     000095f3  _InitEPwm2Gpio                  
0     00009605  _InitEPwm3Gpio                  
0     00009619  _InitEPwm4Gpio                  
0     0000962d  _InitEPwm5Gpio                  
0     0000963f  _InitEPwm6Gpio                  
0     000095d4  _InitEPwmGpio                   
0     00009651  _InitEPwmSyncGpio               
0     00009a00  _InitGpio                       
0     0000954c  _InitPeripheralClocks           
0     00009977  _InitPieCtrl                    
0     000099c3  _InitPieVectTable               
0     000094fb  _InitPll                        
0     000094e0  _InitSysCtrl                    
0     00009665  _InitTzGpio                     
1     0000cc9c  _Iref                           
0     000098e7  _Key_Init                       
0     000098f7  _Key_Scan                       
0     000092f8  _LUF_ISR                        
0     000092ee  _LVF_ISR                        
0     00009a3d  _Led_Init                       
0     000091f4  _MRINTA_ISR                     
0     000091e0  _MRINTB_ISR                     
0     000091fe  _MXINTA_ISR                     
0     000091ea  _MXINTB_ISR                     
1     00005000  _McbspaRegs                     
1     00005040  _McbspbRegs                     
0     00009032  _NMI_ISR                        
0     00009302  _PIE_RESERVED                   
1     0000cca2  _PI_Current                     
1     00380090  _PartIdRegs                     
1     0000cc83  _Phase_index                    
1     00000ce0  _PieCtrlRegs                    
1     00000d00  _PieVectTable                   
1     0000d000  _PieVectTableInit               
0     0000901e  _RTOSINT_ISR                    
0     0000926c  _SCIRXINTA_ISR                  
0     00009280  _SCIRXINTB_ISR                  
0     00009258  _SCIRXINTC_ISR                  
0     00009276  _SCITXINTA_ISR                  
0     0000928a  _SCITXINTB_ISR                  
0     00009262  _SCITXINTC_ISR                  
0     000090be  _SEQ1INT_ISR                    
0     000090c8  _SEQ2INT_ISR                    
0     000091cc  _SPIRXINTA_ISR                  
0     000091d6  _SPITXINTA_ISR                  
1     00007050  _SciaRegs                       
1     00007750  _ScibRegs                       
1     00007770  _ScicRegs                       
0     000094e9  _ServiceDog                     
0     00009923  _Setup_Adc                      
0     00009723  _Setup_ePWM1                    
0     0000976a  _Setup_ePWM2                    
1     00007040  _SpiaRegs                       
1     00007010  _SysCtrlRegs                    
0     000090f0  _TINT0_ISR                      
0     000090a0  _USER10_ISR                     
0     000090aa  _USER11_ISR                     
0     000090b4  _USER12_ISR                     
0     00009046  _USER1_ISR                      
0     00009050  _USER2_ISR                      
0     0000905a  _USER3_ISR                      
0     00009064  _USER4_ISR                      
0     0000906e  _USER5_ISR                      
0     00009078  _USER6_ISR                      
0     00009082  _USER7_ISR                      
0     0000908c  _USER8_ISR                      
0     00009096  _USER9_ISR                      
1     0000cc8a  _Uin                            
1     0000cc82  _Uin_AD                         
1     0000cc86  _Uo                             
1     0000cc80  _Uo_AD                          
1     0000c000  _Uo_Real                        
1     0000cc8e  _Uref                           
1     0000c640  _Uref_Real                      
1     0000cc8c  _Urefm                          
1     0000cca0  _Vc                             
0     000090fa  _WAKEINT_ISR                    
0     000090d2  _XINT1_ISR                      
0     000090dc  _XINT2_ISR                      
0     000092bc  _XINT3_ISR                      
0     000092c6  _XINT4_ISR                      
0     000092d0  _XINT5_ISR                      
0     000092da  _XINT6_ISR                      
0     000092e4  _XINT7_ISR                      
1     00007070  _XIntruptRegs                   
1     00000b20  _XintfRegs                      
1     00000700  __STACK_END                     
abs   00000300  __STACK_SIZE                    
1     0000ccb6  ___TI_cleanup_ptr               
1     0000ccb8  ___TI_dtors_ptr                 
1     0000ccb4  ___TI_enable_exit_profile_output
abs   ffffffff  ___TI_pprof_out_hndl            
abs   ffffffff  ___TI_prof_data_size            
abs   ffffffff  ___TI_prof_data_start           
abs   ffffffff  ___binit__                      
abs   ffffffff  ___c_args__                     
0     00008000  ___cinit__                      
0     00009a5b  ___etext__                      
abs   ffffffff  ___pinit__                      
0     00009000  ___text__                       
0     00009a2b  __args_main                     
1     0000ccba  __lock                          
0     00009a4f  __nop                           
0     00009a4b  __register_lock                 
0     00009a47  __register_unlock               
1     00000400  __stack                         
0     00009a5a  __system_post_cinit             
0     00009a58  __system_pre_init               
1     0000ccbc  __unlock                        
0     0000994e  _abort                          
0     00009316  _adc_isr                        
0     00009852  _c_int00                        
0     0000999f  _copy_in                        
1     0000cc90  _ek                             
1     0000cc92  _ek_1                           
1     0000cc94  _ek_2                           
1     0000cc9e  _ek_IL                          
0     00009950  _exit                           
1     0000ccb0  _key_module                     
0     000098a8  _main                           
0     000099e3  _memcpy                         
0     000097bb  _pi_calc                        
0     00009795  _pi_init                        
1     0000cc85  _protect_flag                   
0     0000930c  _rsvd_ISR                       
0     000097f9  _sin                            
0     000097f9  _sinf                           
1     0000cc84  _start_flag                     
1     0000cc96  _uk                             
1     0000cc98  _uk_1                           
1     0000cc9a  _uk_2                           
abs   ffffffff  binit                           
0     00008000  cinit                           
0     00000000  code_start                      
0     00009a5b  etext                           
abs   ffffffff  pinit                           


GLOBAL SYMBOLS: SORTED BY Symbol Address 

page  address   name                            
----  -------   ----                            
0     00000000  code_start                      
0     00008000  ___cinit__                      
0     00008000  cinit                           
0     00008083  _DSP28x_usDelay                 
0     00009000  .text                           
0     00009000  _INT13_ISR                      
0     00009000  ___text__                       
0     0000900a  _INT14_ISR                      
0     00009014  _DATALOG_ISR                    
0     0000901e  _RTOSINT_ISR                    
0     00009028  _EMUINT_ISR                     
0     00009032  _NMI_ISR                        
0     0000903c  _ILLEGAL_ISR                    
0     00009046  _USER1_ISR                      
0     00009050  _USER2_ISR                      
0     0000905a  _USER3_ISR                      
0     00009064  _USER4_ISR                      
0     0000906e  _USER5_ISR                      
0     00009078  _USER6_ISR                      
0     00009082  _USER7_ISR                      
0     0000908c  _USER8_ISR                      
0     00009096  _USER9_ISR                      
0     000090a0  _USER10_ISR                     
0     000090aa  _USER11_ISR                     
0     000090b4  _USER12_ISR                     
0     000090be  _SEQ1INT_ISR                    
0     000090c8  _SEQ2INT_ISR                    
0     000090d2  _XINT1_ISR                      
0     000090dc  _XINT2_ISR                      
0     000090e6  _ADCINT_ISR                     
0     000090f0  _TINT0_ISR                      
0     000090fa  _WAKEINT_ISR                    
0     00009104  _EPWM1_TZINT_ISR                
0     0000910e  _EPWM2_TZINT_ISR                
0     00009118  _EPWM3_TZINT_ISR                
0     00009122  _EPWM4_TZINT_ISR                
0     0000912c  _EPWM5_TZINT_ISR                
0     00009136  _EPWM6_TZINT_ISR                
0     00009140  _EPWM1_INT_ISR                  
0     0000914a  _EPWM2_INT_ISR                  
0     00009154  _EPWM3_INT_ISR                  
0     0000915e  _EPWM4_INT_ISR                  
0     00009168  _EPWM5_INT_ISR                  
0     00009172  _EPWM6_INT_ISR                  
0     0000917c  _ECAP1_INT_ISR                  
0     00009186  _ECAP2_INT_ISR                  
0     00009190  _ECAP3_INT_ISR                  
0     0000919a  _ECAP4_INT_ISR                  
0     000091a4  _ECAP5_INT_ISR                  
0     000091ae  _ECAP6_INT_ISR                  
0     000091b8  _EQEP1_INT_ISR                  
0     000091c2  _EQEP2_INT_ISR                  
0     000091cc  _SPIRXINTA_ISR                  
0     000091d6  _SPITXINTA_ISR                  
0     000091e0  _MRINTB_ISR                     
0     000091ea  _MXINTB_ISR                     
0     000091f4  _MRINTA_ISR                     
0     000091fe  _MXINTA_ISR                     
0     00009208  _DINTCH1_ISR                    
0     00009212  _DINTCH2_ISR                    
0     0000921c  _DINTCH3_ISR                    
0     00009226  _DINTCH4_ISR                    
0     00009230  _DINTCH5_ISR                    
0     0000923a  _DINTCH6_ISR                    
0     00009244  _I2CINT1A_ISR                   
0     0000924e  _I2CINT2A_ISR                   
0     00009258  _SCIRXINTC_ISR                  
0     00009262  _SCITXINTC_ISR                  
0     0000926c  _SCIRXINTA_ISR                  
0     00009276  _SCITXINTA_ISR                  
0     00009280  _SCIRXINTB_ISR                  
0     0000928a  _SCITXINTB_ISR                  
0     00009294  _ECAN0INTA_ISR                  
0     0000929e  _ECAN1INTA_ISR                  
0     000092a8  _ECAN0INTB_ISR                  
0     000092b2  _ECAN1INTB_ISR                  
0     000092bc  _XINT3_ISR                      
0     000092c6  _XINT4_ISR                      
0     000092d0  _XINT5_ISR                      
0     000092da  _XINT6_ISR                      
0     000092e4  _XINT7_ISR                      
0     000092ee  _LVF_ISR                        
0     000092f8  _LUF_ISR                        
0     00009302  _PIE_RESERVED                   
0     0000930c  _rsvd_ISR                       
0     00009316  _adc_isr                        
0     000094e0  _InitSysCtrl                    
0     000094e9  _ServiceDog                     
0     000094f3  _DisableDog                     
0     000094fb  _InitPll                        
0     0000954c  _InitPeripheralClocks           
0     000095a2  _CsmUnlock                      
0     000095d3  _InitEPwm                       
0     000095d4  _InitEPwmGpio                   
0     000095e1  _InitEPwm1Gpio                  
0     000095f3  _InitEPwm2Gpio                  
0     00009605  _InitEPwm3Gpio                  
0     00009619  _InitEPwm4Gpio                  
0     0000962d  _InitEPwm5Gpio                  
0     0000963f  _InitEPwm6Gpio                  
0     00009651  _InitEPwmSyncGpio               
0     00009665  _InitTzGpio                     
0     0000969b  FS$$DIV                         
0     00009723  _Setup_ePWM1                    
0     0000976a  _Setup_ePWM2                    
0     00009795  _pi_init                        
0     000097bb  _pi_calc                        
0     000097f9  _sin                            
0     000097f9  _sinf                           
0     00009852  _c_int00                        
0     000098a8  _main                           
0     000098e7  _Key_Init                       
0     000098f7  _Key_Scan                       
0     00009923  _Setup_Adc                      
0     0000994e  C$$EXIT                         
0     0000994e  _abort                          
0     00009950  _exit                           
0     00009977  _InitPieCtrl                    
0     00009996  _EnableInterrupts               
0     0000999f  _copy_in                        
0     000099c3  _InitPieVectTable               
0     000099e3  _memcpy                         
0     00009a00  _InitGpio                       
0     00009a17  _InitAdc                        
0     00009a2b  __args_main                     
0     00009a3d  _Led_Init                       
0     00009a47  __register_unlock               
0     00009a4b  __register_lock                 
0     00009a4f  __nop                           
0     00009a58  __system_pre_init               
0     00009a5a  __system_post_cinit             
0     00009a5b  ___etext__                      
0     00009a5b  etext                           
0     00380080  _ADC_cal                        
1     00000400  __stack                         
1     00000700  __STACK_END                     
1     00000880  _DevEmuRegs                     
1     00000a80  _FlashRegs                      
1     00000ae0  _CsmRegs                        
1     00000b00  _AdcMirror                      
1     00000b20  _XintfRegs                      
1     00000c00  _CpuTimer0Regs                  
1     00000c08  _CpuTimer1Regs                  
1     00000c10  _CpuTimer2Regs                  
1     00000ce0  _PieCtrlRegs                    
1     00000d00  _PieVectTable                   
1     00001000  _DmaRegs                        
1     00005000  _McbspaRegs                     
1     00005040  _McbspbRegs                     
1     00006000  _ECanaRegs                      
1     00006040  _ECanaLAMRegs                   
1     00006080  _ECanaMOTSRegs                  
1     000060c0  _ECanaMOTORegs                  
1     00006100  _ECanaMboxes                    
1     00006200  _ECanbRegs                      
1     00006240  _ECanbLAMRegs                   
1     00006280  _ECanbMOTSRegs                  
1     000062c0  _ECanbMOTORegs                  
1     00006300  _ECanbMboxes                    
1     00006800  _EPwm1Regs                      
1     00006840  _EPwm2Regs                      
1     00006880  _EPwm3Regs                      
1     000068c0  _EPwm4Regs                      
1     00006900  _EPwm5Regs                      
1     00006940  _EPwm6Regs                      
1     00006a00  _ECap1Regs                      
1     00006a20  _ECap2Regs                      
1     00006a40  _ECap3Regs                      
1     00006a60  _ECap4Regs                      
1     00006a80  _ECap5Regs                      
1     00006aa0  _ECap6Regs                      
1     00006b00  _EQep1Regs                      
1     00006b40  _EQep2Regs                      
1     00006f80  _GpioCtrlRegs                   
1     00006fc0  _GpioDataRegs                   
1     00006fe0  _GpioIntRegs                    
1     00007010  _SysCtrlRegs                    
1     00007040  _SpiaRegs                       
1     00007050  _SciaRegs                       
1     00007070  _XIntruptRegs                   
1     00007100  _AdcRegs                        
1     00007750  _ScibRegs                       
1     00007770  _ScicRegs                       
1     00007900  _I2caRegs                       
1     0000c000  _Uo_Real                        
1     0000c640  _Uref_Real                      
1     0000cc80  _Uo_AD                          
1     0000cc81  _IL_AD                          
1     0000cc82  _Uin_AD                         
1     0000cc83  _Phase_index                    
1     0000cc84  _start_flag                     
1     0000cc85  _protect_flag                   
1     0000cc86  _Uo                             
1     0000cc88  _IL                             
1     0000cc8a  _Uin                            
1     0000cc8c  _Urefm                          
1     0000cc8e  _Uref                           
1     0000cc90  _ek                             
1     0000cc92  _ek_1                           
1     0000cc94  _ek_2                           
1     0000cc96  _uk                             
1     0000cc98  _uk_1                           
1     0000cc9a  _uk_2                           
1     0000cc9c  _Iref                           
1     0000cc9e  _ek_IL                          
1     0000cca0  _Vc                             
1     0000cca2  _PI_Current                     
1     0000ccb0  _key_module                     
1     0000ccb4  ___TI_enable_exit_profile_output
1     0000ccb6  ___TI_cleanup_ptr               
1     0000ccb8  ___TI_dtors_ptr                 
1     0000ccba  __lock                          
1     0000ccbc  __unlock                        
1     0000d000  _PieVectTableInit               
1     0033fff8  _CsmPwl                         
1     00380090  _PartIdRegs                     
abs   00000300  __STACK_SIZE                    
abs   ffffffff  ___TI_pprof_out_hndl            
abs   ffffffff  ___TI_prof_data_size            
abs   ffffffff  ___TI_prof_data_start           
abs   ffffffff  ___binit__                      
abs   ffffffff  ___c_args__                     
abs   ffffffff  ___pinit__                      
abs   ffffffff  binit                           
abs   ffffffff  pinit                           

[225 symbols]
