<?xml version="1.0" encoding="ISO-8859-1" ?>
<link_info>
   <banner>TMS320C2000 Linker PC v21.6.0.LTS</banner>
   <copyright>Copyright (c) 1996-2018 Texas Instruments Incorporated</copyright>
   <link_time>0x62346200</link_time>
   <link_errors>0x0</link_errors>
   <output_file>Key_ProjectTemplate.out</output_file>
   <entry_point>
      <name>_c_int00</name>
      <address>0x940e</address>
   </entry_point>
   <input_file_list>
      <input_file id="fl-2">
         <path>.\</path>
         <kind>object</kind>
         <file>main.obj</file>
         <name>main.obj</name>
      </input_file>
      <input_file id="fl-3">
         <path>.\APP\key\</path>
         <kind>object</kind>
         <file>key.obj</file>
         <name>key.obj</name>
      </input_file>
      <input_file id="fl-4">
         <path>.\APP\led\</path>
         <kind>object</kind>
         <file>led.obj</file>
         <name>led.obj</name>
      </input_file>
      <input_file id="fl-5">
         <path>.\DSP2833x_Libraries\source\</path>
         <kind>object</kind>
         <file>DSP2833x_ADC_cal.obj</file>
         <name>DSP2833x_ADC_cal.obj</name>
      </input_file>
      <input_file id="fl-6">
         <path>.\DSP2833x_Libraries\source\</path>
         <kind>object</kind>
         <file>DSP2833x_CodeStartBranch.obj</file>
         <name>DSP2833x_CodeStartBranch.obj</name>
      </input_file>
      <input_file id="fl-7">
         <path>.\DSP2833x_Libraries\source\</path>
         <kind>object</kind>
         <file>DSP2833x_DefaultIsr.obj</file>
         <name>DSP2833x_DefaultIsr.obj</name>
      </input_file>
      <input_file id="fl-8">
         <path>.\DSP2833x_Libraries\source\</path>
         <kind>object</kind>
         <file>DSP2833x_GlobalVariableDefs.obj</file>
         <name>DSP2833x_GlobalVariableDefs.obj</name>
      </input_file>
      <input_file id="fl-9">
         <path>.\DSP2833x_Libraries\source\</path>
         <kind>object</kind>
         <file>DSP2833x_Gpio.obj</file>
         <name>DSP2833x_Gpio.obj</name>
      </input_file>
      <input_file id="fl-a">
         <path>.\DSP2833x_Libraries\source\</path>
         <kind>object</kind>
         <file>DSP2833x_PieCtrl.obj</file>
         <name>DSP2833x_PieCtrl.obj</name>
      </input_file>
      <input_file id="fl-b">
         <path>.\DSP2833x_Libraries\source\</path>
         <kind>object</kind>
         <file>DSP2833x_PieVect.obj</file>
         <name>DSP2833x_PieVect.obj</name>
      </input_file>
      <input_file id="fl-c">
         <path>.\DSP2833x_Libraries\source\</path>
         <kind>object</kind>
         <file>DSP2833x_SysCtrl.obj</file>
         <name>DSP2833x_SysCtrl.obj</name>
      </input_file>
      <input_file id="fl-d">
         <path>.\DSP2833x_Libraries\source\</path>
         <kind>object</kind>
         <file>DSP2833x_usDelay.obj</file>
         <name>DSP2833x_usDelay.obj</name>
      </input_file>
      <input_file id="fl-12">
         <kind>object</kind>
         <file>&lt;internal&gt;</file>
         <name>&lt;internal&gt;</name>
      </input_file>
      <input_file id="fl-1e">
         <path>D:\CCS\ccs\tools\compiler\ti-cgt-c2000_21.6.0.LTS\lib\</path>
         <kind>archive</kind>
         <file>rts2800_fpu32.lib</file>
         <name>boot28.asm.obj</name>
      </input_file>
      <input_file id="fl-1f">
         <path>D:\CCS\ccs\tools\compiler\ti-cgt-c2000_21.6.0.LTS\lib\</path>
         <kind>archive</kind>
         <file>rts2800_fpu32.lib</file>
         <name>cpy_tbl.c.obj</name>
      </input_file>
      <input_file id="fl-20">
         <path>D:\CCS\ccs\tools\compiler\ti-cgt-c2000_21.6.0.LTS\lib\</path>
         <kind>archive</kind>
         <file>rts2800_fpu32.lib</file>
         <name>memcpy.c.obj</name>
      </input_file>
      <input_file id="fl-21">
         <path>D:\CCS\ccs\tools\compiler\ti-cgt-c2000_21.6.0.LTS\lib\</path>
         <kind>archive</kind>
         <file>rts2800_fpu32.lib</file>
         <name>pre_init.c.obj</name>
      </input_file>
      <input_file id="fl-22">
         <path>D:\CCS\ccs\tools\compiler\ti-cgt-c2000_21.6.0.LTS\lib\</path>
         <kind>archive</kind>
         <file>rts2800_fpu32.lib</file>
         <name>startup.c.obj</name>
      </input_file>
      <input_file id="fl-23">
         <path>D:\CCS\ccs\tools\compiler\ti-cgt-c2000_21.6.0.LTS\lib\</path>
         <kind>archive</kind>
         <file>rts2800_fpu32.lib</file>
         <name>exit.c.obj</name>
      </input_file>
      <input_file id="fl-24">
         <path>D:\CCS\ccs\tools\compiler\ti-cgt-c2000_21.6.0.LTS\lib\</path>
         <kind>archive</kind>
         <file>rts2800_fpu32.lib</file>
         <name>_lock.c.obj</name>
      </input_file>
      <input_file id="fl-25">
         <path>D:\CCS\ccs\tools\compiler\ti-cgt-c2000_21.6.0.LTS\lib\</path>
         <kind>archive</kind>
         <file>rts2800_fpu32.lib</file>
         <name>args_main.c.obj</name>
      </input_file>
   </input_file_list>
   <object_component_list>
      <object_component id="oc-63">
         <name>codestart</name>
         <load_address>0x0</load_address>
         <run_address>0x0</run_address>
         <size>0x2</size>
         <input_file_ref idref="fl-6"/>
      </object_component>
      <object_component id="oc-b6">
         <name>.TI.ramfunc</name>
         <load_address>0x8025</load_address>
         <run_address>0x8025</run_address>
         <size>0x4</size>
         <input_file_ref idref="fl-d"/>
      </object_component>
      <object_component id="oc-69">
         <name>.text:retain</name>
         <load_address>0x9000</load_address>
         <run_address>0x9000</run_address>
         <size>0x316</size>
         <input_file_ref idref="fl-7"/>
      </object_component>
      <object_component id="oc-f0">
         <name>.text</name>
         <load_address>0x9316</load_address>
         <run_address>0x9316</run_address>
         <size>0xf8</size>
         <input_file_ref idref="fl-c"/>
      </object_component>
      <object_component id="oc-4b">
         <name>.text</name>
         <load_address>0x940e</load_address>
         <run_address>0x940e</run_address>
         <size>0x56</size>
         <input_file_ref idref="fl-1e"/>
      </object_component>
      <object_component id="oc-eb">
         <name>.text</name>
         <load_address>0x9464</load_address>
         <run_address>0x9464</run_address>
         <size>0x3c</size>
         <input_file_ref idref="fl-3"/>
      </object_component>
      <object_component id="oc-ea">
         <name>.text</name>
         <load_address>0x94a0</load_address>
         <run_address>0x94a0</run_address>
         <size>0x29</size>
         <input_file_ref idref="fl-23"/>
      </object_component>
      <object_component id="oc-f3">
         <name>.text</name>
         <load_address>0x94c9</load_address>
         <run_address>0x94c9</run_address>
         <size>0x28</size>
         <input_file_ref idref="fl-a"/>
      </object_component>
      <object_component id="oc-e7">
         <name>.text</name>
         <load_address>0x94f1</load_address>
         <run_address>0x94f1</run_address>
         <size>0x24</size>
         <input_file_ref idref="fl-1f"/>
      </object_component>
      <object_component id="oc-ed">
         <name>.text</name>
         <load_address>0x9515</load_address>
         <run_address>0x9515</run_address>
         <size>0x21</size>
         <input_file_ref idref="fl-2"/>
      </object_component>
      <object_component id="oc-f4">
         <name>.text</name>
         <load_address>0x9536</load_address>
         <run_address>0x9536</run_address>
         <size>0x20</size>
         <input_file_ref idref="fl-b"/>
      </object_component>
      <object_component id="oc-ec">
         <name>.text</name>
         <load_address>0x9556</load_address>
         <run_address>0x9556</run_address>
         <size>0x1d</size>
         <input_file_ref idref="fl-20"/>
      </object_component>
      <object_component id="oc-f1">
         <name>.text</name>
         <load_address>0x9573</load_address>
         <run_address>0x9573</run_address>
         <size>0x17</size>
         <input_file_ref idref="fl-9"/>
      </object_component>
      <object_component id="oc-e9">
         <name>.text</name>
         <load_address>0x958a</load_address>
         <run_address>0x958a</run_address>
         <size>0x12</size>
         <input_file_ref idref="fl-25"/>
      </object_component>
      <object_component id="oc-f2">
         <name>.text</name>
         <load_address>0x959c</load_address>
         <run_address>0x959c</run_address>
         <size>0xa</size>
         <input_file_ref idref="fl-4"/>
      </object_component>
      <object_component id="oc-f5">
         <name>.text</name>
         <load_address>0x95a6</load_address>
         <run_address>0x95a6</run_address>
         <size>0x9</size>
         <input_file_ref idref="fl-24"/>
      </object_component>
      <object_component id="oc-62">
         <name>.text</name>
         <load_address>0x95af</load_address>
         <run_address>0x95af</run_address>
         <size>0x8</size>
         <input_file_ref idref="fl-6"/>
      </object_component>
      <object_component id="oc-e6">
         <name>.text</name>
         <load_address>0x95b7</load_address>
         <run_address>0x95b7</run_address>
         <size>0x2</size>
         <input_file_ref idref="fl-21"/>
      </object_component>
      <object_component id="oc-e8">
         <name>.text</name>
         <load_address>0x95b9</load_address>
         <run_address>0x95b9</run_address>
         <size>0x1</size>
         <input_file_ref idref="fl-22"/>
      </object_component>
      <object_component id="oc-d6">
         <name>.cinit</name>
         <load_address>0x8000</load_address>
         <run_address>0x8000</run_address>
         <size>0xe</size>
         <input_file_ref idref="fl-23"/>
      </object_component>
      <object_component id="oc-52">
         <name>.cinit</name>
         <load_address>0x800e</load_address>
         <run_address>0x800e</run_address>
         <size>0xb</size>
         <input_file_ref idref="fl-3"/>
      </object_component>
      <object_component id="oc-ef">
         <name>.cinit:__lock</name>
         <load_address>0x8019</load_address>
         <run_address>0x8019</run_address>
         <size>0x5</size>
         <input_file_ref idref="fl-24"/>
      </object_component>
      <object_component id="oc-f6">
         <name>.cinit:__unlock</name>
         <load_address>0x801e</load_address>
         <run_address>0x801e</run_address>
         <size>0x5</size>
         <input_file_ref idref="fl-24"/>
      </object_component>
      <object_component id="oc-bb">
         <name>.stack</name>
         <uninitialized>true</uninitialized>
         <run_address>0x400</run_address>
         <size>0x0</size>
         <input_file_ref idref="fl-1e"/>
      </object_component>
      <object_component id="oc-14d">
         <name>.stack</name>
         <uninitialized>true</uninitialized>
         <run_address>0x400</run_address>
         <size>0x0</size>
      </object_component>
      <object_component id="oc-53">
         <name>.ebss</name>
         <uninitialized>true</uninitialized>
         <run_address>0xc000</run_address>
         <size>0x6</size>
         <input_file_ref idref="fl-3"/>
      </object_component>
      <object_component id="oc-d7">
         <name>.ebss</name>
         <uninitialized>true</uninitialized>
         <run_address>0xc006</run_address>
         <size>0x6</size>
         <input_file_ref idref="fl-23"/>
      </object_component>
      <object_component id="oc-ee">
         <name>.ebss:__lock</name>
         <uninitialized>true</uninitialized>
         <run_address>0xc00c</run_address>
         <size>0x2</size>
         <input_file_ref idref="fl-24"/>
      </object_component>
      <object_component id="oc-f8">
         <name>.ebss:__unlock</name>
         <uninitialized>true</uninitialized>
         <run_address>0xc00e</run_address>
         <size>0x2</size>
         <input_file_ref idref="fl-24"/>
      </object_component>
      <object_component id="oc-f7">
         <name>.econst:_PieVectTableInit</name>
         <load_address>0xd000</load_address>
         <run_address>0xd000</run_address>
         <size>0x100</size>
         <input_file_ref idref="fl-b"/>
      </object_component>
      <object_component id="oc-bc">
         <name>.reset</name>
         <load_address>0x3fffc0</load_address>
         <run_address>0x3fffc0</run_address>
         <size>0x2</size>
         <input_file_ref idref="fl-1e"/>
      </object_component>
      <object_component id="oc-5d">
         <name>.adc_cal</name>
         <load_address>0x380080</load_address>
         <run_address>0x380080</run_address>
         <size>0x7</size>
         <input_file_ref idref="fl-5"/>
      </object_component>
      <object_component id="oc-a0">
         <name>PieVectTableFile</name>
         <uninitialized>true</uninitialized>
         <run_address>0xd00</run_address>
         <size>0x100</size>
         <input_file_ref idref="fl-8"/>
      </object_component>
      <object_component id="oc-9c">
         <name>DevEmuRegsFile</name>
         <uninitialized>true</uninitialized>
         <run_address>0x880</run_address>
         <size>0xd0</size>
         <input_file_ref idref="fl-8"/>
      </object_component>
      <object_component id="oc-74">
         <name>FlashRegsFile</name>
         <uninitialized>true</uninitialized>
         <run_address>0xa80</run_address>
         <size>0x8</size>
         <input_file_ref idref="fl-8"/>
      </object_component>
      <object_component id="oc-77">
         <name>CsmRegsFile</name>
         <uninitialized>true</uninitialized>
         <run_address>0xae0</run_address>
         <size>0x10</size>
         <input_file_ref idref="fl-8"/>
      </object_component>
      <object_component id="oc-76">
         <name>AdcMirrorFile</name>
         <uninitialized>true</uninitialized>
         <run_address>0xb00</run_address>
         <size>0x10</size>
         <input_file_ref idref="fl-8"/>
      </object_component>
      <object_component id="oc-7f">
         <name>XintfRegsFile</name>
         <uninitialized>true</uninitialized>
         <run_address>0xb20</run_address>
         <size>0x1e</size>
         <input_file_ref idref="fl-8"/>
      </object_component>
      <object_component id="oc-70">
         <name>CpuTimer0RegsFile</name>
         <uninitialized>true</uninitialized>
         <run_address>0xc00</run_address>
         <size>0x8</size>
         <input_file_ref idref="fl-8"/>
      </object_component>
      <object_component id="oc-71">
         <name>CpuTimer1RegsFile</name>
         <uninitialized>true</uninitialized>
         <run_address>0xc08</run_address>
         <size>0x8</size>
         <input_file_ref idref="fl-8"/>
      </object_component>
      <object_component id="oc-72">
         <name>CpuTimer2RegsFile</name>
         <uninitialized>true</uninitialized>
         <run_address>0xc10</run_address>
         <size>0x8</size>
         <input_file_ref idref="fl-8"/>
      </object_component>
      <object_component id="oc-7d">
         <name>PieCtrlRegsFile</name>
         <uninitialized>true</uninitialized>
         <run_address>0xce0</run_address>
         <size>0x1a</size>
         <input_file_ref idref="fl-8"/>
      </object_component>
      <object_component id="oc-9d">
         <name>DmaRegsFile</name>
         <uninitialized>true</uninitialized>
         <run_address>0x1000</run_address>
         <size>0xe0</size>
         <input_file_ref idref="fl-8"/>
      </object_component>
      <object_component id="oc-8f">
         <name>McbspaRegsFile</name>
         <uninitialized>true</uninitialized>
         <run_address>0x5000</run_address>
         <size>0x25</size>
         <input_file_ref idref="fl-8"/>
      </object_component>
      <object_component id="oc-90">
         <name>McbspbRegsFile</name>
         <uninitialized>true</uninitialized>
         <run_address>0x5040</run_address>
         <size>0x25</size>
         <input_file_ref idref="fl-8"/>
      </object_component>
      <object_component id="oc-92">
         <name>ECanaRegsFile</name>
         <uninitialized>true</uninitialized>
         <run_address>0x6000</run_address>
         <size>0x34</size>
         <input_file_ref idref="fl-8"/>
      </object_component>
      <object_component id="oc-94">
         <name>ECanaLAMRegsFile</name>
         <uninitialized>true</uninitialized>
         <run_address>0x6040</run_address>
         <size>0x40</size>
         <input_file_ref idref="fl-8"/>
      </object_component>
      <object_component id="oc-9e">
         <name>ECanaMboxesFile</name>
         <uninitialized>true</uninitialized>
         <run_address>0x6100</run_address>
         <size>0x100</size>
         <input_file_ref idref="fl-8"/>
      </object_component>
      <object_component id="oc-95">
         <name>ECanaMOTSRegsFile</name>
         <uninitialized>true</uninitialized>
         <run_address>0x6080</run_address>
         <size>0x40</size>
         <input_file_ref idref="fl-8"/>
      </object_component>
      <object_component id="oc-96">
         <name>ECanaMOTORegsFile</name>
         <uninitialized>true</uninitialized>
         <run_address>0x60c0</run_address>
         <size>0x40</size>
         <input_file_ref idref="fl-8"/>
      </object_component>
      <object_component id="oc-93">
         <name>ECanbRegsFile</name>
         <uninitialized>true</uninitialized>
         <run_address>0x6200</run_address>
         <size>0x34</size>
         <input_file_ref idref="fl-8"/>
      </object_component>
      <object_component id="oc-97">
         <name>ECanbLAMRegsFile</name>
         <uninitialized>true</uninitialized>
         <run_address>0x6240</run_address>
         <size>0x40</size>
         <input_file_ref idref="fl-8"/>
      </object_component>
      <object_component id="oc-9f">
         <name>ECanbMboxesFile</name>
         <uninitialized>true</uninitialized>
         <run_address>0x6300</run_address>
         <size>0x100</size>
         <input_file_ref idref="fl-8"/>
      </object_component>
      <object_component id="oc-98">
         <name>ECanbMOTSRegsFile</name>
         <uninitialized>true</uninitialized>
         <run_address>0x6280</run_address>
         <size>0x40</size>
         <input_file_ref idref="fl-8"/>
      </object_component>
      <object_component id="oc-99">
         <name>ECanbMOTORegsFile</name>
         <uninitialized>true</uninitialized>
         <run_address>0x62c0</run_address>
         <size>0x40</size>
         <input_file_ref idref="fl-8"/>
      </object_component>
      <object_component id="oc-88">
         <name>EPwm1RegsFile</name>
         <uninitialized>true</uninitialized>
         <run_address>0x6800</run_address>
         <size>0x22</size>
         <input_file_ref idref="fl-8"/>
      </object_component>
      <object_component id="oc-89">
         <name>EPwm2RegsFile</name>
         <uninitialized>true</uninitialized>
         <run_address>0x6840</run_address>
         <size>0x22</size>
         <input_file_ref idref="fl-8"/>
      </object_component>
      <object_component id="oc-8a">
         <name>EPwm3RegsFile</name>
         <uninitialized>true</uninitialized>
         <run_address>0x6880</run_address>
         <size>0x22</size>
         <input_file_ref idref="fl-8"/>
      </object_component>
      <object_component id="oc-8b">
         <name>EPwm4RegsFile</name>
         <uninitialized>true</uninitialized>
         <run_address>0x68c0</run_address>
         <size>0x22</size>
         <input_file_ref idref="fl-8"/>
      </object_component>
      <object_component id="oc-8c">
         <name>EPwm5RegsFile</name>
         <uninitialized>true</uninitialized>
         <run_address>0x6900</run_address>
         <size>0x22</size>
         <input_file_ref idref="fl-8"/>
      </object_component>
      <object_component id="oc-8d">
         <name>EPwm6RegsFile</name>
         <uninitialized>true</uninitialized>
         <run_address>0x6940</run_address>
         <size>0x22</size>
         <input_file_ref idref="fl-8"/>
      </object_component>
      <object_component id="oc-80">
         <name>ECap1RegsFile</name>
         <uninitialized>true</uninitialized>
         <run_address>0x6a00</run_address>
         <size>0x20</size>
         <input_file_ref idref="fl-8"/>
      </object_component>
      <object_component id="oc-81">
         <name>ECap2RegsFile</name>
         <uninitialized>true</uninitialized>
         <run_address>0x6a20</run_address>
         <size>0x20</size>
         <input_file_ref idref="fl-8"/>
      </object_component>
      <object_component id="oc-82">
         <name>ECap3RegsFile</name>
         <uninitialized>true</uninitialized>
         <run_address>0x6a40</run_address>
         <size>0x20</size>
         <input_file_ref idref="fl-8"/>
      </object_component>
      <object_component id="oc-83">
         <name>ECap4RegsFile</name>
         <uninitialized>true</uninitialized>
         <run_address>0x6a60</run_address>
         <size>0x20</size>
         <input_file_ref idref="fl-8"/>
      </object_component>
      <object_component id="oc-84">
         <name>ECap5RegsFile</name>
         <uninitialized>true</uninitialized>
         <run_address>0x6a80</run_address>
         <size>0x20</size>
         <input_file_ref idref="fl-8"/>
      </object_component>
      <object_component id="oc-85">
         <name>ECap6RegsFile</name>
         <uninitialized>true</uninitialized>
         <run_address>0x6aa0</run_address>
         <size>0x20</size>
         <input_file_ref idref="fl-8"/>
      </object_component>
      <object_component id="oc-9a">
         <name>EQep1RegsFile</name>
         <uninitialized>true</uninitialized>
         <run_address>0x6b00</run_address>
         <size>0x40</size>
         <input_file_ref idref="fl-8"/>
      </object_component>
      <object_component id="oc-9b">
         <name>EQep2RegsFile</name>
         <uninitialized>true</uninitialized>
         <run_address>0x6b40</run_address>
         <size>0x40</size>
         <input_file_ref idref="fl-8"/>
      </object_component>
      <object_component id="oc-91">
         <name>GpioCtrlRegsFile</name>
         <uninitialized>true</uninitialized>
         <run_address>0x6f80</run_address>
         <size>0x2e</size>
         <input_file_ref idref="fl-8"/>
      </object_component>
      <object_component id="oc-86">
         <name>GpioDataRegsFile</name>
         <uninitialized>true</uninitialized>
         <run_address>0x6fc0</run_address>
         <size>0x20</size>
         <input_file_ref idref="fl-8"/>
      </object_component>
      <object_component id="oc-75">
         <name>GpioIntRegsFile</name>
         <uninitialized>true</uninitialized>
         <run_address>0x6fe0</run_address>
         <size>0xa</size>
         <input_file_ref idref="fl-8"/>
      </object_component>
      <object_component id="oc-87">
         <name>SysCtrlRegsFile</name>
         <uninitialized>true</uninitialized>
         <run_address>0x7010</run_address>
         <size>0x20</size>
         <input_file_ref idref="fl-8"/>
      </object_component>
      <object_component id="oc-7b">
         <name>SpiaRegsFile</name>
         <uninitialized>true</uninitialized>
         <run_address>0x7040</run_address>
         <size>0x10</size>
         <input_file_ref idref="fl-8"/>
      </object_component>
      <object_component id="oc-78">
         <name>SciaRegsFile</name>
         <uninitialized>true</uninitialized>
         <run_address>0x7050</run_address>
         <size>0x10</size>
         <input_file_ref idref="fl-8"/>
      </object_component>
      <object_component id="oc-7c">
         <name>XIntruptRegsFile</name>
         <uninitialized>true</uninitialized>
         <run_address>0x7070</run_address>
         <size>0x10</size>
         <input_file_ref idref="fl-8"/>
      </object_component>
      <object_component id="oc-7e">
         <name>AdcRegsFile</name>
         <uninitialized>true</uninitialized>
         <run_address>0x7100</run_address>
         <size>0x1e</size>
         <input_file_ref idref="fl-8"/>
      </object_component>
      <object_component id="oc-79">
         <name>ScibRegsFile</name>
         <uninitialized>true</uninitialized>
         <run_address>0x7750</run_address>
         <size>0x10</size>
         <input_file_ref idref="fl-8"/>
      </object_component>
      <object_component id="oc-7a">
         <name>ScicRegsFile</name>
         <uninitialized>true</uninitialized>
         <run_address>0x7770</run_address>
         <size>0x10</size>
         <input_file_ref idref="fl-8"/>
      </object_component>
      <object_component id="oc-8e">
         <name>I2caRegsFile</name>
         <uninitialized>true</uninitialized>
         <run_address>0x7900</run_address>
         <size>0x22</size>
         <input_file_ref idref="fl-8"/>
      </object_component>
      <object_component id="oc-73">
         <name>CsmPwlFile</name>
         <uninitialized>true</uninitialized>
         <run_address>0x33fff8</run_address>
         <size>0x8</size>
         <input_file_ref idref="fl-8"/>
      </object_component>
      <object_component id="oc-6f">
         <name>PartIdRegsFile</name>
         <uninitialized>true</uninitialized>
         <run_address>0x380090</run_address>
         <size>0x1</size>
         <input_file_ref idref="fl-8"/>
      </object_component>
      <object_component id="oc-4c">
         <name>.debug_info</name>
         <load_address>0x0</load_address>
         <run_address>0x0</run_address>
         <size>0xff2</size>
         <input_file_ref idref="fl-2"/>
      </object_component>
      <object_component id="oc-51">
         <name>.debug_info</name>
         <load_address>0xff2</load_address>
         <run_address>0xff2</run_address>
         <size>0x1e9d</size>
         <input_file_ref idref="fl-3"/>
      </object_component>
      <object_component id="oc-58">
         <name>.debug_info</name>
         <load_address>0x2e8f</load_address>
         <run_address>0x2e8f</run_address>
         <size>0x1bb7</size>
         <input_file_ref idref="fl-4"/>
      </object_component>
      <object_component id="oc-5f">
         <name>.debug_info</name>
         <load_address>0x4a46</load_address>
         <run_address>0x4a46</run_address>
         <size>0x122</size>
         <input_file_ref idref="fl-5"/>
      </object_component>
      <object_component id="oc-65">
         <name>.debug_info</name>
         <load_address>0x4b68</load_address>
         <run_address>0x4b68</run_address>
         <size>0x175</size>
         <input_file_ref idref="fl-6"/>
      </object_component>
      <object_component id="oc-68">
         <name>.debug_info</name>
         <load_address>0x4cdd</load_address>
         <run_address>0x4cdd</run_address>
         <size>0x300b</size>
         <input_file_ref idref="fl-7"/>
      </object_component>
      <object_component id="oc-6e">
         <name>.debug_info</name>
         <load_address>0x7ce8</load_address>
         <run_address>0x7ce8</run_address>
         <size>0x1343b</size>
         <input_file_ref idref="fl-8"/>
      </object_component>
      <object_component id="oc-a2">
         <name>.debug_info</name>
         <load_address>0x1b123</load_address>
         <run_address>0x1b123</run_address>
         <size>0x1c0b</size>
         <input_file_ref idref="fl-9"/>
      </object_component>
      <object_component id="oc-a7">
         <name>.debug_info</name>
         <load_address>0x1cd2e</load_address>
         <run_address>0x1cd2e</run_address>
         <size>0xb90</size>
         <input_file_ref idref="fl-a"/>
      </object_component>
      <object_component id="oc-ac">
         <name>.debug_info</name>
         <load_address>0x1d8be</load_address>
         <run_address>0x1d8be</run_address>
         <size>0x22e9</size>
         <input_file_ref idref="fl-b"/>
      </object_component>
      <object_component id="oc-b1">
         <name>.debug_info</name>
         <load_address>0x1fba7</load_address>
         <run_address>0x1fba7</run_address>
         <size>0x217b</size>
         <input_file_ref idref="fl-c"/>
      </object_component>
      <object_component id="oc-b8">
         <name>.debug_info</name>
         <load_address>0x21d22</load_address>
         <run_address>0x21d22</run_address>
         <size>0x124</size>
         <input_file_ref idref="fl-d"/>
      </object_component>
      <object_component id="oc-bd">
         <name>.debug_info</name>
         <load_address>0x21e46</load_address>
         <run_address>0x21e46</run_address>
         <size>0x173</size>
         <input_file_ref idref="fl-1e"/>
      </object_component>
      <object_component id="oc-c1">
         <name>.debug_info</name>
         <load_address>0x21fb9</load_address>
         <run_address>0x21fb9</run_address>
         <size>0x561</size>
         <input_file_ref idref="fl-1f"/>
      </object_component>
      <object_component id="oc-c6">
         <name>.debug_info</name>
         <load_address>0x2251a</load_address>
         <run_address>0x2251a</run_address>
         <size>0x43a</size>
         <input_file_ref idref="fl-20"/>
      </object_component>
      <object_component id="oc-cb">
         <name>.debug_info</name>
         <load_address>0x22954</load_address>
         <run_address>0x22954</run_address>
         <size>0x3ad</size>
         <input_file_ref idref="fl-21"/>
      </object_component>
      <object_component id="oc-d0">
         <name>.debug_info</name>
         <load_address>0x22d01</load_address>
         <run_address>0x22d01</run_address>
         <size>0x3aa</size>
         <input_file_ref idref="fl-22"/>
      </object_component>
      <object_component id="oc-d5">
         <name>.debug_info</name>
         <load_address>0x230ab</load_address>
         <run_address>0x230ab</run_address>
         <size>0x544</size>
         <input_file_ref idref="fl-23"/>
      </object_component>
      <object_component id="oc-dc">
         <name>.debug_info</name>
         <load_address>0x235ef</load_address>
         <run_address>0x235ef</run_address>
         <size>0x4cc</size>
         <input_file_ref idref="fl-24"/>
      </object_component>
      <object_component id="oc-e1">
         <name>.debug_info</name>
         <load_address>0x23abb</load_address>
         <run_address>0x23abb</run_address>
         <size>0x467</size>
         <input_file_ref idref="fl-25"/>
      </object_component>
      <object_component id="oc-14e">
         <name>.debug_info</name>
         <load_address>0x23f22</load_address>
         <run_address>0x23f22</run_address>
         <size>0xa7</size>
      </object_component>
      <object_component id="oc-4d">
         <name>.debug_frame</name>
         <load_address>0x0</load_address>
         <run_address>0x0</run_address>
         <size>0x40</size>
         <input_file_ref idref="fl-2"/>
      </object_component>
      <object_component id="oc-54">
         <name>.debug_frame</name>
         <load_address>0x40</load_address>
         <run_address>0x40</run_address>
         <size>0x5c</size>
         <input_file_ref idref="fl-3"/>
      </object_component>
      <object_component id="oc-59">
         <name>.debug_frame</name>
         <load_address>0x9c</load_address>
         <run_address>0x9c</run_address>
         <size>0x40</size>
         <input_file_ref idref="fl-4"/>
      </object_component>
      <object_component id="oc-6a">
         <name>.debug_frame</name>
         <load_address>0xdc</load_address>
         <run_address>0xdc</run_address>
         <size>0xa08</size>
         <input_file_ref idref="fl-7"/>
      </object_component>
      <object_component id="oc-a3">
         <name>.debug_frame</name>
         <load_address>0xae4</load_address>
         <run_address>0xae4</run_address>
         <size>0x40</size>
         <input_file_ref idref="fl-9"/>
      </object_component>
      <object_component id="oc-a8">
         <name>.debug_frame</name>
         <load_address>0xb24</load_address>
         <run_address>0xb24</run_address>
         <size>0x58</size>
         <input_file_ref idref="fl-a"/>
      </object_component>
      <object_component id="oc-ad">
         <name>.debug_frame</name>
         <load_address>0xb7c</load_address>
         <run_address>0xb7c</run_address>
         <size>0x44</size>
         <input_file_ref idref="fl-b"/>
      </object_component>
      <object_component id="oc-b2">
         <name>.debug_frame</name>
         <load_address>0xbc0</load_address>
         <run_address>0xbc0</run_address>
         <size>0xc0</size>
         <input_file_ref idref="fl-c"/>
      </object_component>
      <object_component id="oc-c2">
         <name>.debug_frame</name>
         <load_address>0xc80</load_address>
         <run_address>0xc80</run_address>
         <size>0x60</size>
         <input_file_ref idref="fl-1f"/>
      </object_component>
      <object_component id="oc-c7">
         <name>.debug_frame</name>
         <load_address>0xce0</load_address>
         <run_address>0xce0</run_address>
         <size>0x40</size>
         <input_file_ref idref="fl-20"/>
      </object_component>
      <object_component id="oc-cc">
         <name>.debug_frame</name>
         <load_address>0xd20</load_address>
         <run_address>0xd20</run_address>
         <size>0x40</size>
         <input_file_ref idref="fl-21"/>
      </object_component>
      <object_component id="oc-d1">
         <name>.debug_frame</name>
         <load_address>0xd60</load_address>
         <run_address>0xd60</run_address>
         <size>0x40</size>
         <input_file_ref idref="fl-22"/>
      </object_component>
      <object_component id="oc-d8">
         <name>.debug_frame</name>
         <load_address>0xda0</load_address>
         <run_address>0xda0</run_address>
         <size>0x60</size>
         <input_file_ref idref="fl-23"/>
      </object_component>
      <object_component id="oc-dd">
         <name>.debug_frame</name>
         <load_address>0xe00</load_address>
         <run_address>0xe00</run_address>
         <size>0x70</size>
         <input_file_ref idref="fl-24"/>
      </object_component>
      <object_component id="oc-e2">
         <name>.debug_frame</name>
         <load_address>0xe70</load_address>
         <run_address>0xe70</run_address>
         <size>0x40</size>
         <input_file_ref idref="fl-25"/>
      </object_component>
      <object_component id="oc-4e">
         <name>.debug_line</name>
         <load_address>0x0</load_address>
         <run_address>0x0</run_address>
         <size>0x52</size>
         <input_file_ref idref="fl-2"/>
      </object_component>
      <object_component id="oc-55">
         <name>.debug_line</name>
         <load_address>0x52</load_address>
         <run_address>0x52</run_address>
         <size>0x7b</size>
         <input_file_ref idref="fl-3"/>
      </object_component>
      <object_component id="oc-5a">
         <name>.debug_line</name>
         <load_address>0xcd</load_address>
         <run_address>0xcd</run_address>
         <size>0x4a</size>
         <input_file_ref idref="fl-4"/>
      </object_component>
      <object_component id="oc-5e">
         <name>.debug_line</name>
         <load_address>0x117</load_address>
         <run_address>0x117</run_address>
         <size>0x63</size>
         <input_file_ref idref="fl-5"/>
      </object_component>
      <object_component id="oc-64">
         <name>.debug_line</name>
         <load_address>0x17a</load_address>
         <run_address>0x17a</run_address>
         <size>0x81</size>
         <input_file_ref idref="fl-6"/>
      </object_component>
      <object_component id="oc-6b">
         <name>.debug_line</name>
         <load_address>0x1fb</load_address>
         <run_address>0x1fb</run_address>
         <size>0x76c</size>
         <input_file_ref idref="fl-7"/>
      </object_component>
      <object_component id="oc-a4">
         <name>.debug_line</name>
         <load_address>0x967</load_address>
         <run_address>0x967</run_address>
         <size>0x76</size>
         <input_file_ref idref="fl-9"/>
      </object_component>
      <object_component id="oc-a9">
         <name>.debug_line</name>
         <load_address>0x9dd</load_address>
         <run_address>0x9dd</run_address>
         <size>0xa0</size>
         <input_file_ref idref="fl-a"/>
      </object_component>
      <object_component id="oc-ae">
         <name>.debug_line</name>
         <load_address>0xa7d</load_address>
         <run_address>0xa7d</run_address>
         <size>0x82</size>
         <input_file_ref idref="fl-b"/>
      </object_component>
      <object_component id="oc-b3">
         <name>.debug_line</name>
         <load_address>0xaff</load_address>
         <run_address>0xaff</run_address>
         <size>0x15c</size>
         <input_file_ref idref="fl-c"/>
      </object_component>
      <object_component id="oc-b7">
         <name>.debug_line</name>
         <load_address>0xc5b</load_address>
         <run_address>0xc5b</run_address>
         <size>0x65</size>
         <input_file_ref idref="fl-d"/>
      </object_component>
      <object_component id="oc-be">
         <name>.debug_line</name>
         <load_address>0xcc0</load_address>
         <run_address>0xcc0</run_address>
         <size>0x7e</size>
         <input_file_ref idref="fl-1e"/>
      </object_component>
      <object_component id="oc-c3">
         <name>.debug_line</name>
         <load_address>0xd3e</load_address>
         <run_address>0xd3e</run_address>
         <size>0x50</size>
         <input_file_ref idref="fl-1f"/>
      </object_component>
      <object_component id="oc-c8">
         <name>.debug_line</name>
         <load_address>0xd8e</load_address>
         <run_address>0xd8e</run_address>
         <size>0x62</size>
         <input_file_ref idref="fl-20"/>
      </object_component>
      <object_component id="oc-cd">
         <name>.debug_line</name>
         <load_address>0xdf0</load_address>
         <run_address>0xdf0</run_address>
         <size>0x3e</size>
         <input_file_ref idref="fl-21"/>
      </object_component>
      <object_component id="oc-d2">
         <name>.debug_line</name>
         <load_address>0xe2e</load_address>
         <run_address>0xe2e</run_address>
         <size>0x3a</size>
         <input_file_ref idref="fl-22"/>
      </object_component>
      <object_component id="oc-d9">
         <name>.debug_line</name>
         <load_address>0xe68</load_address>
         <run_address>0xe68</run_address>
         <size>0x65</size>
         <input_file_ref idref="fl-23"/>
      </object_component>
      <object_component id="oc-de">
         <name>.debug_line</name>
         <load_address>0xecd</load_address>
         <run_address>0xecd</run_address>
         <size>0x5e</size>
         <input_file_ref idref="fl-24"/>
      </object_component>
      <object_component id="oc-e3">
         <name>.debug_line</name>
         <load_address>0xf2b</load_address>
         <run_address>0xf2b</run_address>
         <size>0x4f</size>
         <input_file_ref idref="fl-25"/>
      </object_component>
      <object_component id="oc-4f">
         <name>.debug_abbrev</name>
         <load_address>0x0</load_address>
         <run_address>0x0</run_address>
         <size>0x105</size>
         <input_file_ref idref="fl-2"/>
      </object_component>
      <object_component id="oc-56">
         <name>.debug_abbrev</name>
         <load_address>0x105</load_address>
         <run_address>0x105</run_address>
         <size>0x17a</size>
         <input_file_ref idref="fl-3"/>
      </object_component>
      <object_component id="oc-5b">
         <name>.debug_abbrev</name>
         <load_address>0x27f</load_address>
         <run_address>0x27f</run_address>
         <size>0xdc</size>
         <input_file_ref idref="fl-4"/>
      </object_component>
      <object_component id="oc-60">
         <name>.debug_abbrev</name>
         <load_address>0x35b</load_address>
         <run_address>0x35b</run_address>
         <size>0x2f</size>
         <input_file_ref idref="fl-5"/>
      </object_component>
      <object_component id="oc-66">
         <name>.debug_abbrev</name>
         <load_address>0x38a</load_address>
         <run_address>0x38a</run_address>
         <size>0x21</size>
         <input_file_ref idref="fl-6"/>
      </object_component>
      <object_component id="oc-6c">
         <name>.debug_abbrev</name>
         <load_address>0x3ab</load_address>
         <run_address>0x3ab</run_address>
         <size>0xa8</size>
         <input_file_ref idref="fl-7"/>
      </object_component>
      <object_component id="oc-a1">
         <name>.debug_abbrev</name>
         <load_address>0x453</load_address>
         <run_address>0x453</run_address>
         <size>0xb7</size>
         <input_file_ref idref="fl-8"/>
      </object_component>
      <object_component id="oc-a5">
         <name>.debug_abbrev</name>
         <load_address>0x50a</load_address>
         <run_address>0x50a</run_address>
         <size>0xdc</size>
         <input_file_ref idref="fl-9"/>
      </object_component>
      <object_component id="oc-aa">
         <name>.debug_abbrev</name>
         <load_address>0x5e6</load_address>
         <run_address>0x5e6</run_address>
         <size>0xc8</size>
         <input_file_ref idref="fl-a"/>
      </object_component>
      <object_component id="oc-af">
         <name>.debug_abbrev</name>
         <load_address>0x6ae</load_address>
         <run_address>0x6ae</run_address>
         <size>0x116</size>
         <input_file_ref idref="fl-b"/>
      </object_component>
      <object_component id="oc-b4">
         <name>.debug_abbrev</name>
         <load_address>0x7c4</load_address>
         <run_address>0x7c4</run_address>
         <size>0x1a2</size>
         <input_file_ref idref="fl-c"/>
      </object_component>
      <object_component id="oc-b9">
         <name>.debug_abbrev</name>
         <load_address>0x966</load_address>
         <run_address>0x966</run_address>
         <size>0x2f</size>
         <input_file_ref idref="fl-d"/>
      </object_component>
      <object_component id="oc-bf">
         <name>.debug_abbrev</name>
         <load_address>0x995</load_address>
         <run_address>0x995</run_address>
         <size>0x46</size>
         <input_file_ref idref="fl-1e"/>
      </object_component>
      <object_component id="oc-c4">
         <name>.debug_abbrev</name>
         <load_address>0x9db</load_address>
         <run_address>0x9db</run_address>
         <size>0xe3</size>
         <input_file_ref idref="fl-1f"/>
      </object_component>
      <object_component id="oc-c9">
         <name>.debug_abbrev</name>
         <load_address>0xabe</load_address>
         <run_address>0xabe</run_address>
         <size>0xa8</size>
         <input_file_ref idref="fl-20"/>
      </object_component>
      <object_component id="oc-ce">
         <name>.debug_abbrev</name>
         <load_address>0xb66</load_address>
         <run_address>0xb66</run_address>
         <size>0x68</size>
         <input_file_ref idref="fl-21"/>
      </object_component>
      <object_component id="oc-d3">
         <name>.debug_abbrev</name>
         <load_address>0xbce</load_address>
         <run_address>0xbce</run_address>
         <size>0x66</size>
         <input_file_ref idref="fl-22"/>
      </object_component>
      <object_component id="oc-da">
         <name>.debug_abbrev</name>
         <load_address>0xc34</load_address>
         <run_address>0xc34</run_address>
         <size>0x130</size>
         <input_file_ref idref="fl-23"/>
      </object_component>
      <object_component id="oc-df">
         <name>.debug_abbrev</name>
         <load_address>0xd64</load_address>
         <run_address>0xd64</run_address>
         <size>0xb2</size>
         <input_file_ref idref="fl-24"/>
      </object_component>
      <object_component id="oc-e4">
         <name>.debug_abbrev</name>
         <load_address>0xe16</load_address>
         <run_address>0xe16</run_address>
         <size>0xee</size>
         <input_file_ref idref="fl-25"/>
      </object_component>
      <object_component id="oc-14f">
         <name>.debug_abbrev</name>
         <load_address>0xf04</load_address>
         <run_address>0xf04</run_address>
         <size>0xf</size>
      </object_component>
      <object_component id="oc-50">
         <name>.debug_aranges</name>
         <load_address>0x0</load_address>
         <run_address>0x0</run_address>
         <size>0x20</size>
         <input_file_ref idref="fl-2"/>
      </object_component>
      <object_component id="oc-57">
         <name>.debug_aranges</name>
         <load_address>0x20</load_address>
         <run_address>0x20</run_address>
         <size>0x28</size>
         <input_file_ref idref="fl-3"/>
      </object_component>
      <object_component id="oc-5c">
         <name>.debug_aranges</name>
         <load_address>0x48</load_address>
         <run_address>0x48</run_address>
         <size>0x20</size>
         <input_file_ref idref="fl-4"/>
      </object_component>
      <object_component id="oc-61">
         <name>.debug_aranges</name>
         <load_address>0x68</load_address>
         <run_address>0x68</run_address>
         <size>0x20</size>
         <input_file_ref idref="fl-5"/>
      </object_component>
      <object_component id="oc-67">
         <name>.debug_aranges</name>
         <load_address>0x88</load_address>
         <run_address>0x88</run_address>
         <size>0x28</size>
         <input_file_ref idref="fl-6"/>
      </object_component>
      <object_component id="oc-6d">
         <name>.debug_aranges</name>
         <load_address>0xb0</load_address>
         <run_address>0xb0</run_address>
         <size>0x290</size>
         <input_file_ref idref="fl-7"/>
      </object_component>
      <object_component id="oc-a6">
         <name>.debug_aranges</name>
         <load_address>0x340</load_address>
         <run_address>0x340</run_address>
         <size>0x20</size>
         <input_file_ref idref="fl-9"/>
      </object_component>
      <object_component id="oc-ab">
         <name>.debug_aranges</name>
         <load_address>0x360</load_address>
         <run_address>0x360</run_address>
         <size>0x28</size>
         <input_file_ref idref="fl-a"/>
      </object_component>
      <object_component id="oc-b0">
         <name>.debug_aranges</name>
         <load_address>0x388</load_address>
         <run_address>0x388</run_address>
         <size>0x20</size>
         <input_file_ref idref="fl-b"/>
      </object_component>
      <object_component id="oc-b5">
         <name>.debug_aranges</name>
         <load_address>0x3a8</load_address>
         <run_address>0x3a8</run_address>
         <size>0x48</size>
         <input_file_ref idref="fl-c"/>
      </object_component>
      <object_component id="oc-ba">
         <name>.debug_aranges</name>
         <load_address>0x3f0</load_address>
         <run_address>0x3f0</run_address>
         <size>0x20</size>
         <input_file_ref idref="fl-d"/>
      </object_component>
      <object_component id="oc-c0">
         <name>.debug_aranges</name>
         <load_address>0x410</load_address>
         <run_address>0x410</run_address>
         <size>0x20</size>
         <input_file_ref idref="fl-1e"/>
      </object_component>
      <object_component id="oc-c5">
         <name>.debug_aranges</name>
         <load_address>0x430</load_address>
         <run_address>0x430</run_address>
         <size>0x20</size>
         <input_file_ref idref="fl-1f"/>
      </object_component>
      <object_component id="oc-ca">
         <name>.debug_aranges</name>
         <load_address>0x450</load_address>
         <run_address>0x450</run_address>
         <size>0x20</size>
         <input_file_ref idref="fl-20"/>
      </object_component>
      <object_component id="oc-cf">
         <name>.debug_aranges</name>
         <load_address>0x470</load_address>
         <run_address>0x470</run_address>
         <size>0x20</size>
         <input_file_ref idref="fl-21"/>
      </object_component>
      <object_component id="oc-d4">
         <name>.debug_aranges</name>
         <load_address>0x490</load_address>
         <run_address>0x490</run_address>
         <size>0x20</size>
         <input_file_ref idref="fl-22"/>
      </object_component>
      <object_component id="oc-db">
         <name>.debug_aranges</name>
         <load_address>0x4b0</load_address>
         <run_address>0x4b0</run_address>
         <size>0x28</size>
         <input_file_ref idref="fl-23"/>
      </object_component>
      <object_component id="oc-e0">
         <name>.debug_aranges</name>
         <load_address>0x4d8</load_address>
         <run_address>0x4d8</run_address>
         <size>0x30</size>
         <input_file_ref idref="fl-24"/>
      </object_component>
      <object_component id="oc-e5">
         <name>.debug_aranges</name>
         <load_address>0x508</load_address>
         <run_address>0x508</run_address>
         <size>0x20</size>
         <input_file_ref idref="fl-25"/>
      </object_component>
   </object_component_list>
   <logical_group_list>
      <logical_group id="lg-2" display="no" color="cyan">
         <name>codestart</name>
         <load_address>0x0</load_address>
         <run_address>0x0</run_address>
         <size>0x2</size>
         <contents>
            <object_component_ref idref="oc-63"/>
         </contents>
      </logical_group>
      <logical_group id="lg-3" display="no" color="cyan">
         <name>.TI.ramfunc</name>
         <load_address>0x8025</load_address>
         <run_address>0x8025</run_address>
         <size>0x4</size>
         <contents>
            <object_component_ref idref="oc-b6"/>
         </contents>
      </logical_group>
      <logical_group id="lg-4" display="no" color="cyan">
         <name>.text</name>
         <load_address>0x9000</load_address>
         <run_address>0x9000</run_address>
         <size>0x5ba</size>
         <contents>
            <object_component_ref idref="oc-69"/>
            <object_component_ref idref="oc-f0"/>
            <object_component_ref idref="oc-4b"/>
            <object_component_ref idref="oc-eb"/>
            <object_component_ref idref="oc-ea"/>
            <object_component_ref idref="oc-f3"/>
            <object_component_ref idref="oc-e7"/>
            <object_component_ref idref="oc-ed"/>
            <object_component_ref idref="oc-f4"/>
            <object_component_ref idref="oc-ec"/>
            <object_component_ref idref="oc-f1"/>
            <object_component_ref idref="oc-e9"/>
            <object_component_ref idref="oc-f2"/>
            <object_component_ref idref="oc-f5"/>
            <object_component_ref idref="oc-62"/>
            <object_component_ref idref="oc-e6"/>
            <object_component_ref idref="oc-e8"/>
         </contents>
      </logical_group>
      <logical_group id="lg-5" display="no" color="cyan">
         <name>.cinit</name>
         <load_address>0x8000</load_address>
         <run_address>0x8000</run_address>
         <size>0x25</size>
         <contents>
            <object_component_ref idref="oc-d6"/>
            <object_component_ref idref="oc-52"/>
            <object_component_ref idref="oc-ef"/>
            <object_component_ref idref="oc-f6"/>
         </contents>
      </logical_group>
      <logical_group id="lg-6" display="no" color="cyan">
         <name>.pinit</name>
         <run_address>0x0</run_address>
         <size>0x0</size>
         <contents>
         </contents>
      </logical_group>
      <logical_group id="lg-7" display="no" color="cyan">
         <name>.switch</name>
         <run_address>0x0</run_address>
         <size>0x0</size>
         <contents>
         </contents>
      </logical_group>
      <logical_group id="lg-8" display="no" color="cyan">
         <name>.stack</name>
         <run_address>0x400</run_address>
         <size>0x300</size>
         <contents>
            <object_component_ref idref="oc-bb"/>
            <object_component_ref idref="oc-14d"/>
         </contents>
      </logical_group>
      <logical_group id="lg-9" display="no" color="cyan">
         <name>.ebss</name>
         <run_address>0xc000</run_address>
         <size>0x10</size>
         <contents>
            <object_component_ref idref="oc-53"/>
            <object_component_ref idref="oc-d7"/>
            <object_component_ref idref="oc-ee"/>
            <object_component_ref idref="oc-f8"/>
         </contents>
      </logical_group>
      <logical_group id="lg-a" display="no" color="cyan">
         <name>.econst</name>
         <load_address>0xd000</load_address>
         <run_address>0xd000</run_address>
         <size>0x100</size>
         <contents>
            <object_component_ref idref="oc-f7"/>
         </contents>
      </logical_group>
      <logical_group id="lg-b" display="no" color="cyan">
         <name>.esysmem</name>
         <run_address>0x0</run_address>
         <size>0x0</size>
         <contents>
         </contents>
      </logical_group>
      <logical_group id="lg-c" display="no" color="cyan">
         <name>IQmath</name>
         <run_address>0x0</run_address>
         <size>0x0</size>
         <contents>
         </contents>
      </logical_group>
      <logical_group id="lg-d" display="no" color="cyan">
         <name>IQmathTables</name>
         <run_address>0x0</run_address>
         <size>0x0</size>
         <contents>
         </contents>
      </logical_group>
      <logical_group id="lg-e" display="no" color="cyan">
         <name>FPUmathTables</name>
         <run_address>0x0</run_address>
         <size>0x0</size>
         <contents>
         </contents>
      </logical_group>
      <logical_group id="lg-f" display="no" color="cyan">
         <name>DMARAML4</name>
         <run_address>0x0</run_address>
         <size>0x0</size>
         <contents>
         </contents>
      </logical_group>
      <logical_group id="lg-10" display="no" color="cyan">
         <name>DMARAML5</name>
         <run_address>0x0</run_address>
         <size>0x0</size>
         <contents>
         </contents>
      </logical_group>
      <logical_group id="lg-11" display="no" color="cyan">
         <name>DMARAML6</name>
         <run_address>0x0</run_address>
         <size>0x0</size>
         <contents>
         </contents>
      </logical_group>
      <logical_group id="lg-12" display="no" color="cyan">
         <name>DMARAML7</name>
         <run_address>0x0</run_address>
         <size>0x0</size>
         <contents>
         </contents>
      </logical_group>
      <logical_group id="lg-13" display="no" color="cyan">
         <name>ZONE7DATA</name>
         <run_address>0x0</run_address>
         <size>0x0</size>
         <contents>
         </contents>
      </logical_group>
      <logical_group id="lg-14" display="no" color="cyan">
         <name>.reset</name>
         <load_address>0x3fffc0</load_address>
         <run_address>0x3fffc0</run_address>
         <size>0x2</size>
         <contents>
            <object_component_ref idref="oc-bc"/>
         </contents>
      </logical_group>
      <logical_group id="lg-15" display="no" color="cyan">
         <name>csm_rsvd</name>
         <run_address>0x33ff80</run_address>
         <size>0x0</size>
         <contents>
         </contents>
      </logical_group>
      <logical_group id="lg-16" display="no" color="cyan">
         <name>csmpasswds</name>
         <run_address>0x33fff8</run_address>
         <size>0x0</size>
         <contents>
         </contents>
      </logical_group>
      <logical_group id="lg-17" display="no" color="cyan">
         <name>.adc_cal</name>
         <load_address>0x380080</load_address>
         <run_address>0x380080</run_address>
         <size>0x7</size>
         <contents>
            <object_component_ref idref="oc-5d"/>
         </contents>
      </logical_group>
      <logical_group id="lg-18" display="no" color="cyan">
         <name>PieVectTableFile</name>
         <run_address>0xd00</run_address>
         <size>0x100</size>
         <contents>
            <object_component_ref idref="oc-a0"/>
         </contents>
      </logical_group>
      <logical_group id="lg-19" display="no" color="cyan">
         <name>DevEmuRegsFile</name>
         <run_address>0x880</run_address>
         <size>0xd0</size>
         <contents>
            <object_component_ref idref="oc-9c"/>
         </contents>
      </logical_group>
      <logical_group id="lg-1a" display="no" color="cyan">
         <name>FlashRegsFile</name>
         <run_address>0xa80</run_address>
         <size>0x8</size>
         <contents>
            <object_component_ref idref="oc-74"/>
         </contents>
      </logical_group>
      <logical_group id="lg-1b" display="no" color="cyan">
         <name>CsmRegsFile</name>
         <run_address>0xae0</run_address>
         <size>0x10</size>
         <contents>
            <object_component_ref idref="oc-77"/>
         </contents>
      </logical_group>
      <logical_group id="lg-1c" display="no" color="cyan">
         <name>AdcMirrorFile</name>
         <run_address>0xb00</run_address>
         <size>0x10</size>
         <contents>
            <object_component_ref idref="oc-76"/>
         </contents>
      </logical_group>
      <logical_group id="lg-1d" display="no" color="cyan">
         <name>XintfRegsFile</name>
         <run_address>0xb20</run_address>
         <size>0x1e</size>
         <contents>
            <object_component_ref idref="oc-7f"/>
         </contents>
      </logical_group>
      <logical_group id="lg-1e" display="no" color="cyan">
         <name>CpuTimer0RegsFile</name>
         <run_address>0xc00</run_address>
         <size>0x8</size>
         <contents>
            <object_component_ref idref="oc-70"/>
         </contents>
      </logical_group>
      <logical_group id="lg-1f" display="no" color="cyan">
         <name>CpuTimer1RegsFile</name>
         <run_address>0xc08</run_address>
         <size>0x8</size>
         <contents>
            <object_component_ref idref="oc-71"/>
         </contents>
      </logical_group>
      <logical_group id="lg-20" display="no" color="cyan">
         <name>CpuTimer2RegsFile</name>
         <run_address>0xc10</run_address>
         <size>0x8</size>
         <contents>
            <object_component_ref idref="oc-72"/>
         </contents>
      </logical_group>
      <logical_group id="lg-21" display="no" color="cyan">
         <name>PieCtrlRegsFile</name>
         <run_address>0xce0</run_address>
         <size>0x1a</size>
         <contents>
            <object_component_ref idref="oc-7d"/>
         </contents>
      </logical_group>
      <logical_group id="lg-22" display="no" color="cyan">
         <name>DmaRegsFile</name>
         <run_address>0x1000</run_address>
         <size>0xe0</size>
         <contents>
            <object_component_ref idref="oc-9d"/>
         </contents>
      </logical_group>
      <logical_group id="lg-23" display="no" color="cyan">
         <name>McbspaRegsFile</name>
         <run_address>0x5000</run_address>
         <size>0x25</size>
         <contents>
            <object_component_ref idref="oc-8f"/>
         </contents>
      </logical_group>
      <logical_group id="lg-24" display="no" color="cyan">
         <name>McbspbRegsFile</name>
         <run_address>0x5040</run_address>
         <size>0x25</size>
         <contents>
            <object_component_ref idref="oc-90"/>
         </contents>
      </logical_group>
      <logical_group id="lg-25" display="no" color="cyan">
         <name>ECanaRegsFile</name>
         <run_address>0x6000</run_address>
         <size>0x34</size>
         <contents>
            <object_component_ref idref="oc-92"/>
         </contents>
      </logical_group>
      <logical_group id="lg-26" display="no" color="cyan">
         <name>ECanaLAMRegsFile</name>
         <run_address>0x6040</run_address>
         <size>0x40</size>
         <contents>
            <object_component_ref idref="oc-94"/>
         </contents>
      </logical_group>
      <logical_group id="lg-27" display="no" color="cyan">
         <name>ECanaMboxesFile</name>
         <run_address>0x6100</run_address>
         <size>0x100</size>
         <contents>
            <object_component_ref idref="oc-9e"/>
         </contents>
      </logical_group>
      <logical_group id="lg-28" display="no" color="cyan">
         <name>ECanaMOTSRegsFile</name>
         <run_address>0x6080</run_address>
         <size>0x40</size>
         <contents>
            <object_component_ref idref="oc-95"/>
         </contents>
      </logical_group>
      <logical_group id="lg-29" display="no" color="cyan">
         <name>ECanaMOTORegsFile</name>
         <run_address>0x60c0</run_address>
         <size>0x40</size>
         <contents>
            <object_component_ref idref="oc-96"/>
         </contents>
      </logical_group>
      <logical_group id="lg-2a" display="no" color="cyan">
         <name>ECanbRegsFile</name>
         <run_address>0x6200</run_address>
         <size>0x34</size>
         <contents>
            <object_component_ref idref="oc-93"/>
         </contents>
      </logical_group>
      <logical_group id="lg-2b" display="no" color="cyan">
         <name>ECanbLAMRegsFile</name>
         <run_address>0x6240</run_address>
         <size>0x40</size>
         <contents>
            <object_component_ref idref="oc-97"/>
         </contents>
      </logical_group>
      <logical_group id="lg-2c" display="no" color="cyan">
         <name>ECanbMboxesFile</name>
         <run_address>0x6300</run_address>
         <size>0x100</size>
         <contents>
            <object_component_ref idref="oc-9f"/>
         </contents>
      </logical_group>
      <logical_group id="lg-2d" display="no" color="cyan">
         <name>ECanbMOTSRegsFile</name>
         <run_address>0x6280</run_address>
         <size>0x40</size>
         <contents>
            <object_component_ref idref="oc-98"/>
         </contents>
      </logical_group>
      <logical_group id="lg-2e" display="no" color="cyan">
         <name>ECanbMOTORegsFile</name>
         <run_address>0x62c0</run_address>
         <size>0x40</size>
         <contents>
            <object_component_ref idref="oc-99"/>
         </contents>
      </logical_group>
      <logical_group id="lg-2f" display="no" color="cyan">
         <name>EPwm1RegsFile</name>
         <run_address>0x6800</run_address>
         <size>0x22</size>
         <contents>
            <object_component_ref idref="oc-88"/>
         </contents>
      </logical_group>
      <logical_group id="lg-30" display="no" color="cyan">
         <name>EPwm2RegsFile</name>
         <run_address>0x6840</run_address>
         <size>0x22</size>
         <contents>
            <object_component_ref idref="oc-89"/>
         </contents>
      </logical_group>
      <logical_group id="lg-31" display="no" color="cyan">
         <name>EPwm3RegsFile</name>
         <run_address>0x6880</run_address>
         <size>0x22</size>
         <contents>
            <object_component_ref idref="oc-8a"/>
         </contents>
      </logical_group>
      <logical_group id="lg-32" display="no" color="cyan">
         <name>EPwm4RegsFile</name>
         <run_address>0x68c0</run_address>
         <size>0x22</size>
         <contents>
            <object_component_ref idref="oc-8b"/>
         </contents>
      </logical_group>
      <logical_group id="lg-33" display="no" color="cyan">
         <name>EPwm5RegsFile</name>
         <run_address>0x6900</run_address>
         <size>0x22</size>
         <contents>
            <object_component_ref idref="oc-8c"/>
         </contents>
      </logical_group>
      <logical_group id="lg-34" display="no" color="cyan">
         <name>EPwm6RegsFile</name>
         <run_address>0x6940</run_address>
         <size>0x22</size>
         <contents>
            <object_component_ref idref="oc-8d"/>
         </contents>
      </logical_group>
      <logical_group id="lg-35" display="no" color="cyan">
         <name>ECap1RegsFile</name>
         <run_address>0x6a00</run_address>
         <size>0x20</size>
         <contents>
            <object_component_ref idref="oc-80"/>
         </contents>
      </logical_group>
      <logical_group id="lg-36" display="no" color="cyan">
         <name>ECap2RegsFile</name>
         <run_address>0x6a20</run_address>
         <size>0x20</size>
         <contents>
            <object_component_ref idref="oc-81"/>
         </contents>
      </logical_group>
      <logical_group id="lg-37" display="no" color="cyan">
         <name>ECap3RegsFile</name>
         <run_address>0x6a40</run_address>
         <size>0x20</size>
         <contents>
            <object_component_ref idref="oc-82"/>
         </contents>
      </logical_group>
      <logical_group id="lg-38" display="no" color="cyan">
         <name>ECap4RegsFile</name>
         <run_address>0x6a60</run_address>
         <size>0x20</size>
         <contents>
            <object_component_ref idref="oc-83"/>
         </contents>
      </logical_group>
      <logical_group id="lg-39" display="no" color="cyan">
         <name>ECap5RegsFile</name>
         <run_address>0x6a80</run_address>
         <size>0x20</size>
         <contents>
            <object_component_ref idref="oc-84"/>
         </contents>
      </logical_group>
      <logical_group id="lg-3a" display="no" color="cyan">
         <name>ECap6RegsFile</name>
         <run_address>0x6aa0</run_address>
         <size>0x20</size>
         <contents>
            <object_component_ref idref="oc-85"/>
         </contents>
      </logical_group>
      <logical_group id="lg-3b" display="no" color="cyan">
         <name>EQep1RegsFile</name>
         <run_address>0x6b00</run_address>
         <size>0x40</size>
         <contents>
            <object_component_ref idref="oc-9a"/>
         </contents>
      </logical_group>
      <logical_group id="lg-3c" display="no" color="cyan">
         <name>EQep2RegsFile</name>
         <run_address>0x6b40</run_address>
         <size>0x40</size>
         <contents>
            <object_component_ref idref="oc-9b"/>
         </contents>
      </logical_group>
      <logical_group id="lg-3d" display="no" color="cyan">
         <name>GpioCtrlRegsFile</name>
         <run_address>0x6f80</run_address>
         <size>0x2e</size>
         <contents>
            <object_component_ref idref="oc-91"/>
         </contents>
      </logical_group>
      <logical_group id="lg-3e" display="no" color="cyan">
         <name>GpioDataRegsFile</name>
         <run_address>0x6fc0</run_address>
         <size>0x20</size>
         <contents>
            <object_component_ref idref="oc-86"/>
         </contents>
      </logical_group>
      <logical_group id="lg-3f" display="no" color="cyan">
         <name>GpioIntRegsFile</name>
         <run_address>0x6fe0</run_address>
         <size>0xa</size>
         <contents>
            <object_component_ref idref="oc-75"/>
         </contents>
      </logical_group>
      <logical_group id="lg-40" display="no" color="cyan">
         <name>SysCtrlRegsFile</name>
         <run_address>0x7010</run_address>
         <size>0x20</size>
         <contents>
            <object_component_ref idref="oc-87"/>
         </contents>
      </logical_group>
      <logical_group id="lg-41" display="no" color="cyan">
         <name>SpiaRegsFile</name>
         <run_address>0x7040</run_address>
         <size>0x10</size>
         <contents>
            <object_component_ref idref="oc-7b"/>
         </contents>
      </logical_group>
      <logical_group id="lg-42" display="no" color="cyan">
         <name>SciaRegsFile</name>
         <run_address>0x7050</run_address>
         <size>0x10</size>
         <contents>
            <object_component_ref idref="oc-78"/>
         </contents>
      </logical_group>
      <logical_group id="lg-43" display="no" color="cyan">
         <name>XIntruptRegsFile</name>
         <run_address>0x7070</run_address>
         <size>0x10</size>
         <contents>
            <object_component_ref idref="oc-7c"/>
         </contents>
      </logical_group>
      <logical_group id="lg-44" display="no" color="cyan">
         <name>AdcRegsFile</name>
         <run_address>0x7100</run_address>
         <size>0x1e</size>
         <contents>
            <object_component_ref idref="oc-7e"/>
         </contents>
      </logical_group>
      <logical_group id="lg-45" display="no" color="cyan">
         <name>ScibRegsFile</name>
         <run_address>0x7750</run_address>
         <size>0x10</size>
         <contents>
            <object_component_ref idref="oc-79"/>
         </contents>
      </logical_group>
      <logical_group id="lg-46" display="no" color="cyan">
         <name>ScicRegsFile</name>
         <run_address>0x7770</run_address>
         <size>0x10</size>
         <contents>
            <object_component_ref idref="oc-7a"/>
         </contents>
      </logical_group>
      <logical_group id="lg-47" display="no" color="cyan">
         <name>I2caRegsFile</name>
         <run_address>0x7900</run_address>
         <size>0x22</size>
         <contents>
            <object_component_ref idref="oc-8e"/>
         </contents>
      </logical_group>
      <logical_group id="lg-48" display="no" color="cyan">
         <name>CsmPwlFile</name>
         <run_address>0x33fff8</run_address>
         <size>0x8</size>
         <contents>
            <object_component_ref idref="oc-73"/>
         </contents>
      </logical_group>
      <logical_group id="lg-49" display="no" color="cyan">
         <name>PartIdRegsFile</name>
         <run_address>0x380090</run_address>
         <size>0x1</size>
         <contents>
            <object_component_ref idref="oc-6f"/>
         </contents>
      </logical_group>
      <logical_group id="lg-141" display="never" color="cyan">
         <name>.debug_info</name>
         <load_address>0x0</load_address>
         <run_address>0x0</run_address>
         <size>0x23fc9</size>
         <contents>
            <object_component_ref idref="oc-4c"/>
            <object_component_ref idref="oc-51"/>
            <object_component_ref idref="oc-58"/>
            <object_component_ref idref="oc-5f"/>
            <object_component_ref idref="oc-65"/>
            <object_component_ref idref="oc-68"/>
            <object_component_ref idref="oc-6e"/>
            <object_component_ref idref="oc-a2"/>
            <object_component_ref idref="oc-a7"/>
            <object_component_ref idref="oc-ac"/>
            <object_component_ref idref="oc-b1"/>
            <object_component_ref idref="oc-b8"/>
            <object_component_ref idref="oc-bd"/>
            <object_component_ref idref="oc-c1"/>
            <object_component_ref idref="oc-c6"/>
            <object_component_ref idref="oc-cb"/>
            <object_component_ref idref="oc-d0"/>
            <object_component_ref idref="oc-d5"/>
            <object_component_ref idref="oc-dc"/>
            <object_component_ref idref="oc-e1"/>
            <object_component_ref idref="oc-14e"/>
         </contents>
      </logical_group>
      <logical_group id="lg-143" display="never" color="cyan">
         <name>.debug_frame</name>
         <load_address>0x0</load_address>
         <run_address>0x0</run_address>
         <size>0xeb0</size>
         <contents>
            <object_component_ref idref="oc-4d"/>
            <object_component_ref idref="oc-54"/>
            <object_component_ref idref="oc-59"/>
            <object_component_ref idref="oc-6a"/>
            <object_component_ref idref="oc-a3"/>
            <object_component_ref idref="oc-a8"/>
            <object_component_ref idref="oc-ad"/>
            <object_component_ref idref="oc-b2"/>
            <object_component_ref idref="oc-c2"/>
            <object_component_ref idref="oc-c7"/>
            <object_component_ref idref="oc-cc"/>
            <object_component_ref idref="oc-d1"/>
            <object_component_ref idref="oc-d8"/>
            <object_component_ref idref="oc-dd"/>
            <object_component_ref idref="oc-e2"/>
         </contents>
      </logical_group>
      <logical_group id="lg-145" display="never" color="cyan">
         <name>.debug_line</name>
         <load_address>0x0</load_address>
         <run_address>0x0</run_address>
         <size>0xf7a</size>
         <contents>
            <object_component_ref idref="oc-4e"/>
            <object_component_ref idref="oc-55"/>
            <object_component_ref idref="oc-5a"/>
            <object_component_ref idref="oc-5e"/>
            <object_component_ref idref="oc-64"/>
            <object_component_ref idref="oc-6b"/>
            <object_component_ref idref="oc-a4"/>
            <object_component_ref idref="oc-a9"/>
            <object_component_ref idref="oc-ae"/>
            <object_component_ref idref="oc-b3"/>
            <object_component_ref idref="oc-b7"/>
            <object_component_ref idref="oc-be"/>
            <object_component_ref idref="oc-c3"/>
            <object_component_ref idref="oc-c8"/>
            <object_component_ref idref="oc-cd"/>
            <object_component_ref idref="oc-d2"/>
            <object_component_ref idref="oc-d9"/>
            <object_component_ref idref="oc-de"/>
            <object_component_ref idref="oc-e3"/>
         </contents>
      </logical_group>
      <logical_group id="lg-147" display="never" color="cyan">
         <name>.debug_abbrev</name>
         <load_address>0x0</load_address>
         <run_address>0x0</run_address>
         <size>0xf13</size>
         <contents>
            <object_component_ref idref="oc-4f"/>
            <object_component_ref idref="oc-56"/>
            <object_component_ref idref="oc-5b"/>
            <object_component_ref idref="oc-60"/>
            <object_component_ref idref="oc-66"/>
            <object_component_ref idref="oc-6c"/>
            <object_component_ref idref="oc-a1"/>
            <object_component_ref idref="oc-a5"/>
            <object_component_ref idref="oc-aa"/>
            <object_component_ref idref="oc-af"/>
            <object_component_ref idref="oc-b4"/>
            <object_component_ref idref="oc-b9"/>
            <object_component_ref idref="oc-bf"/>
            <object_component_ref idref="oc-c4"/>
            <object_component_ref idref="oc-c9"/>
            <object_component_ref idref="oc-ce"/>
            <object_component_ref idref="oc-d3"/>
            <object_component_ref idref="oc-da"/>
            <object_component_ref idref="oc-df"/>
            <object_component_ref idref="oc-e4"/>
            <object_component_ref idref="oc-14f"/>
         </contents>
      </logical_group>
      <logical_group id="lg-149" display="never" color="cyan">
         <name>.debug_aranges</name>
         <load_address>0x0</load_address>
         <run_address>0x0</run_address>
         <size>0x528</size>
         <contents>
            <object_component_ref idref="oc-50"/>
            <object_component_ref idref="oc-57"/>
            <object_component_ref idref="oc-5c"/>
            <object_component_ref idref="oc-61"/>
            <object_component_ref idref="oc-67"/>
            <object_component_ref idref="oc-6d"/>
            <object_component_ref idref="oc-a6"/>
            <object_component_ref idref="oc-ab"/>
            <object_component_ref idref="oc-b0"/>
            <object_component_ref idref="oc-b5"/>
            <object_component_ref idref="oc-ba"/>
            <object_component_ref idref="oc-c0"/>
            <object_component_ref idref="oc-c5"/>
            <object_component_ref idref="oc-ca"/>
            <object_component_ref idref="oc-cf"/>
            <object_component_ref idref="oc-d4"/>
            <object_component_ref idref="oc-db"/>
            <object_component_ref idref="oc-e0"/>
            <object_component_ref idref="oc-e5"/>
         </contents>
      </logical_group>
   </logical_group_list>
   <placement_map>
      <memory_area display="no" color="green">
         <name>BEGIN</name>
         <page_id>0x0</page_id>
         <origin>0x0</origin>
         <length>0x2</length>
         <used_space>0x2</used_space>
         <unused_space>0x0</unused_space>
         <attributes>RWIX</attributes>
         <usage_details>
            <allocated_space>
               <start_address>0x0</start_address>
               <size>0x2</size>
               <logical_group_ref idref="lg-2"/>
            </allocated_space>
         </usage_details>
      </memory_area>
      <memory_area display="yes" color="green">
         <name>RAMM0</name>
         <page_id>0x0</page_id>
         <origin>0x50</origin>
         <length>0x3b0</length>
         <used_space>0x0</used_space>
         <unused_space>0x3b0</unused_space>
         <attributes>RWIX</attributes>
         <usage_details>
         </usage_details>
      </memory_area>
      <memory_area display="yes" color="green">
         <name>RAML0</name>
         <page_id>0x0</page_id>
         <origin>0x8000</origin>
         <length>0x1000</length>
         <used_space>0x29</used_space>
         <unused_space>0xfd7</unused_space>
         <attributes>RWIX</attributes>
         <usage_details>
            <allocated_space>
               <start_address>0x8000</start_address>
               <size>0x25</size>
               <logical_group_ref idref="lg-5"/>
            </allocated_space>
            <allocated_space>
               <start_address>0x8025</start_address>
[...]
      </symbol>
      <symbol id="sm-19c">
         <name>_ECAP6_INT_ISR</name>
         <value>0x91ae</value>
         <object_component_ref idref="oc-69"/>
      </symbol>
      <symbol id="sm-19e">
         <name>_INT14_ISR</name>
         <value>0x900a</value>
         <object_component_ref idref="oc-69"/>
      </symbol>
      <symbol id="sm-1a0">
         <name>_MXINTB_ISR</name>
         <value>0x91ea</value>
         <object_component_ref idref="oc-69"/>
      </symbol>
      <symbol id="sm-1a2">
         <name>_DINTCH5_ISR</name>
         <value>0x9230</value>
         <object_component_ref idref="oc-69"/>
      </symbol>
      <symbol id="sm-1a4">
         <name>_USER6_ISR</name>
         <value>0x9078</value>
         <object_component_ref idref="oc-69"/>
      </symbol>
      <symbol id="sm-1a6">
         <name>_ECAP4_INT_ISR</name>
         <value>0x919a</value>
         <object_component_ref idref="oc-69"/>
      </symbol>
      <symbol id="sm-1a8">
         <name>_MRINTA_ISR</name>
         <value>0x91f4</value>
         <object_component_ref idref="oc-69"/>
      </symbol>
      <symbol id="sm-1aa">
         <name>_DINTCH6_ISR</name>
         <value>0x923a</value>
         <object_component_ref idref="oc-69"/>
      </symbol>
      <symbol id="sm-1ac">
         <name>_USER12_ISR</name>
         <value>0x90b4</value>
         <object_component_ref idref="oc-69"/>
      </symbol>
      <symbol id="sm-1ae">
         <name>_ADCINT_ISR</name>
         <value>0x90e6</value>
         <object_component_ref idref="oc-69"/>
      </symbol>
      <symbol id="sm-1b0">
         <name>_USER1_ISR</name>
         <value>0x9046</value>
         <object_component_ref idref="oc-69"/>
      </symbol>
      <symbol id="sm-1b2">
         <name>_XINT3_ISR</name>
         <value>0x92bc</value>
         <object_component_ref idref="oc-69"/>
      </symbol>
      <symbol id="sm-1b4">
         <name>_EPWM5_INT_ISR</name>
         <value>0x9168</value>
         <object_component_ref idref="oc-69"/>
      </symbol>
      <symbol id="sm-1b6">
         <name>_NMI_ISR</name>
         <value>0x9032</value>
         <object_component_ref idref="oc-69"/>
      </symbol>
      <symbol id="sm-1b8">
         <name>_SCITXINTB_ISR</name>
         <value>0x928a</value>
         <object_component_ref idref="oc-69"/>
      </symbol>
      <symbol id="sm-1ba">
         <name>_SCIRXINTB_ISR</name>
         <value>0x9280</value>
         <object_component_ref idref="oc-69"/>
      </symbol>
      <symbol id="sm-1bc">
         <name>_ECAN1INTA_ISR</name>
         <value>0x929e</value>
         <object_component_ref idref="oc-69"/>
      </symbol>
      <symbol id="sm-1be">
         <name>_ECAP2_INT_ISR</name>
         <value>0x9186</value>
         <object_component_ref idref="oc-69"/>
      </symbol>
      <symbol id="sm-1c0">
         <name>_PIE_RESERVED</name>
         <value>0x9302</value>
         <object_component_ref idref="oc-69"/>
      </symbol>
      <symbol id="sm-1c2">
         <name>_I2CINT1A_ISR</name>
         <value>0x9244</value>
         <object_component_ref idref="oc-69"/>
      </symbol>
      <symbol id="sm-1c4">
         <name>_XINT2_ISR</name>
         <value>0x90dc</value>
         <object_component_ref idref="oc-69"/>
      </symbol>
      <symbol id="sm-1c6">
         <name>_I2CINT2A_ISR</name>
         <value>0x924e</value>
         <object_component_ref idref="oc-69"/>
      </symbol>
      <symbol id="sm-1c8">
         <name>_SCITXINTC_ISR</name>
         <value>0x9262</value>
         <object_component_ref idref="oc-69"/>
      </symbol>
      <symbol id="sm-1ca">
         <name>_SCIRXINTC_ISR</name>
         <value>0x9258</value>
         <object_component_ref idref="oc-69"/>
      </symbol>
      <symbol id="sm-1cc">
         <name>_RTOSINT_ISR</name>
         <value>0x901e</value>
         <object_component_ref idref="oc-69"/>
      </symbol>
      <symbol id="sm-1ce">
         <name>_EPWM3_INT_ISR</name>
         <value>0x9154</value>
         <object_component_ref idref="oc-69"/>
      </symbol>
      <symbol id="sm-1d0">
         <name>_ECAN1INTB_ISR</name>
         <value>0x92b2</value>
         <object_component_ref idref="oc-69"/>
      </symbol>
      <symbol id="sm-1d2">
         <name>_USER9_ISR</name>
         <value>0x9096</value>
         <object_component_ref idref="oc-69"/>
      </symbol>
      <symbol id="sm-1d4">
         <name>_USER3_ISR</name>
         <value>0x905a</value>
         <object_component_ref idref="oc-69"/>
      </symbol>
      <symbol id="sm-1d6">
         <name>_EQEP1_INT_ISR</name>
         <value>0x91b8</value>
         <object_component_ref idref="oc-69"/>
      </symbol>
      <symbol id="sm-1d8">
         <name>_MRINTB_ISR</name>
         <value>0x91e0</value>
         <object_component_ref idref="oc-69"/>
      </symbol>
      <symbol id="sm-1da">
         <name>_DINTCH1_ISR</name>
         <value>0x9208</value>
         <object_component_ref idref="oc-69"/>
      </symbol>
      <symbol id="sm-1dc">
         <name>_USER8_ISR</name>
         <value>0x908c</value>
         <object_component_ref idref="oc-69"/>
      </symbol>
      <symbol id="sm-1de">
         <name>_EPWM1_INT_ISR</name>
         <value>0x9140</value>
         <object_component_ref idref="oc-69"/>
      </symbol>
      <symbol id="sm-1e0">
         <name>_SEQ2INT_ISR</name>
         <value>0x90c8</value>
         <object_component_ref idref="oc-69"/>
      </symbol>
      <symbol id="sm-1e2">
         <name>_USER2_ISR</name>
         <value>0x9050</value>
         <object_component_ref idref="oc-69"/>
      </symbol>
      <symbol id="sm-1e4">
         <name>_LUF_ISR</name>
         <value>0x92f8</value>
         <object_component_ref idref="oc-69"/>
      </symbol>
      <symbol id="sm-1e6">
         <name>_LVF_ISR</name>
         <value>0x92ee</value>
         <object_component_ref idref="oc-69"/>
      </symbol>
      <symbol id="sm-1e8">
         <name>_SCITXINTA_ISR</name>
         <value>0x9276</value>
         <object_component_ref idref="oc-69"/>
      </symbol>
      <symbol id="sm-1ea">
         <name>_SCIRXINTA_ISR</name>
         <value>0x926c</value>
         <object_component_ref idref="oc-69"/>
      </symbol>
      <symbol id="sm-1ec">
         <name>_rsvd_ISR</name>
         <value>0x930c</value>
         <object_component_ref idref="oc-69"/>
      </symbol>
      <symbol id="sm-1ee">
         <name>_ECAP5_INT_ISR</name>
         <value>0x91a4</value>
         <object_component_ref idref="oc-69"/>
      </symbol>
      <symbol id="sm-1f0">
         <name>_DINTCH2_ISR</name>
         <value>0x9212</value>
         <object_component_ref idref="oc-69"/>
      </symbol>
      <symbol id="sm-1f2">
         <name>_XINT5_ISR</name>
         <value>0x92d0</value>
         <object_component_ref idref="oc-69"/>
      </symbol>
      <symbol id="sm-25d">
         <name>_GpioCtrlRegs</name>
         <value>0x6f80</value>
         <object_component_ref idref="oc-91"/>
      </symbol>
      <symbol id="sm-25e">
         <name>_PieVectTable</name>
         <value>0xd00</value>
         <object_component_ref idref="oc-a0"/>
      </symbol>
      <symbol id="sm-25f">
         <name>_ECap4Regs</name>
         <value>0x6a60</value>
         <object_component_ref idref="oc-83"/>
      </symbol>
      <symbol id="sm-260">
         <name>_CsmRegs</name>
         <value>0xae0</value>
         <object_component_ref idref="oc-77"/>
      </symbol>
      <symbol id="sm-261">
         <name>_ECanaLAMRegs</name>
         <value>0x6040</value>
         <object_component_ref idref="oc-94"/>
      </symbol>
      <symbol id="sm-262">
         <name>_ECanbMOTORegs</name>
         <value>0x62c0</value>
         <object_component_ref idref="oc-99"/>
      </symbol>
      <symbol id="sm-263">
         <name>_EPwm4Regs</name>
         <value>0x68c0</value>
         <object_component_ref idref="oc-8b"/>
      </symbol>
      <symbol id="sm-264">
         <name>_ECap5Regs</name>
         <value>0x6a80</value>
         <object_component_ref idref="oc-84"/>
      </symbol>
      <symbol id="sm-265">
         <name>_CpuTimer1Regs</name>
         <value>0xc08</value>
         <object_component_ref idref="oc-71"/>
      </symbol>
      <symbol id="sm-266">
         <name>_SysCtrlRegs</name>
         <value>0x7010</value>
         <object_component_ref idref="oc-87"/>
      </symbol>
      <symbol id="sm-267">
         <name>_EPwm5Regs</name>
         <value>0x6900</value>
         <object_component_ref idref="oc-8c"/>
      </symbol>
      <symbol id="sm-268">
         <name>_SpiaRegs</name>
         <value>0x7040</value>
         <object_component_ref idref="oc-7b"/>
      </symbol>
      <symbol id="sm-269">
         <name>_ECanaMOTSRegs</name>
         <value>0x6080</value>
         <object_component_ref idref="oc-95"/>
      </symbol>
      <symbol id="sm-26a">
         <name>_ECap6Regs</name>
         <value>0x6aa0</value>
         <object_component_ref idref="oc-85"/>
      </symbol>
      <symbol id="sm-26b">
         <name>_DmaRegs</name>
         <value>0x1000</value>
         <object_component_ref idref="oc-9d"/>
      </symbol>
      <symbol id="sm-26c">
         <name>_FlashRegs</name>
         <value>0xa80</value>
         <object_component_ref idref="oc-74"/>
      </symbol>
      <symbol id="sm-26d">
         <name>_CpuTimer0Regs</name>
         <value>0xc00</value>
         <object_component_ref idref="oc-70"/>
      </symbol>
      <symbol id="sm-26e">
         <name>_DevEmuRegs</name>
         <value>0x880</value>
         <object_component_ref idref="oc-9c"/>
      </symbol>
      <symbol id="sm-26f">
         <name>_McbspbRegs</name>
         <value>0x5040</value>
         <object_component_ref idref="oc-90"/>
      </symbol>
      <symbol id="sm-270">
         <name>_EPwm6Regs</name>
         <value>0x6940</value>
         <object_component_ref idref="oc-8d"/>
      </symbol>
      <symbol id="sm-271">
         <name>_SciaRegs</name>
         <value>0x7050</value>
         <object_component_ref idref="oc-78"/>
      </symbol>
      <symbol id="sm-272">
         <name>_GpioDataRegs</name>
         <value>0x6fc0</value>
         <object_component_ref idref="oc-86"/>
      </symbol>
      <symbol id="sm-273">
         <name>_CsmPwl</name>
         <value>0x33fff8</value>
         <object_component_ref idref="oc-73"/>
      </symbol>
      <symbol id="sm-274">
         <name>_AdcRegs</name>
         <value>0x7100</value>
         <object_component_ref idref="oc-7e"/>
      </symbol>
      <symbol id="sm-275">
         <name>_XIntruptRegs</name>
         <value>0x7070</value>
         <object_component_ref idref="oc-7c"/>
      </symbol>
      <symbol id="sm-276">
         <name>_CpuTimer2Regs</name>
         <value>0xc10</value>
         <object_component_ref idref="oc-72"/>
      </symbol>
      <symbol id="sm-277">
         <name>_PieCtrlRegs</name>
         <value>0xce0</value>
         <object_component_ref idref="oc-7d"/>
      </symbol>
      <symbol id="sm-278">
         <name>_ECanbMOTSRegs</name>
         <value>0x6280</value>
         <object_component_ref idref="oc-98"/>
      </symbol>
      <symbol id="sm-279">
         <name>_ECanaRegs</name>
         <value>0x6000</value>
         <object_component_ref idref="oc-92"/>
      </symbol>
      <symbol id="sm-27a">
         <name>_AdcMirror</name>
         <value>0xb00</value>
         <object_component_ref idref="oc-76"/>
      </symbol>
      <symbol id="sm-27b">
         <name>_ECanbMboxes</name>
         <value>0x6300</value>
         <object_component_ref idref="oc-9f"/>
      </symbol>
      <symbol id="sm-27c">
         <name>_XintfRegs</name>
         <value>0xb20</value>
         <object_component_ref idref="oc-7f"/>
      </symbol>
      <symbol id="sm-27d">
         <name>_ScicRegs</name>
         <value>0x7770</value>
         <object_component_ref idref="oc-7a"/>
      </symbol>
      <symbol id="sm-27e">
         <name>_ECap1Regs</name>
         <value>0x6a00</value>
         <object_component_ref idref="oc-80"/>
      </symbol>
      <symbol id="sm-27f">
         <name>_EQep1Regs</name>
         <value>0x6b00</value>
         <object_component_ref idref="oc-9a"/>
      </symbol>
      <symbol id="sm-280">
         <name>_McbspaRegs</name>
         <value>0x5000</value>
         <object_component_ref idref="oc-8f"/>
      </symbol>
      <symbol id="sm-281">
         <name>_EPwm1Regs</name>
         <value>0x6800</value>
         <object_component_ref idref="oc-88"/>
      </symbol>
      <symbol id="sm-282">
         <name>_ECanbRegs</name>
         <value>0x6200</value>
         <object_component_ref idref="oc-93"/>
      </symbol>
      <symbol id="sm-283">
         <name>_ScibRegs</name>
         <value>0x7750</value>
         <object_component_ref idref="oc-79"/>
      </symbol>
      <symbol id="sm-284">
         <name>_ECap2Regs</name>
         <value>0x6a20</value>
         <object_component_ref idref="oc-81"/>
      </symbol>
      <symbol id="sm-285">
         <name>_GpioIntRegs</name>
         <value>0x6fe0</value>
         <object_component_ref idref="oc-75"/>
      </symbol>
      <symbol id="sm-286">
         <name>_EQep2Regs</name>
         <value>0x6b40</value>
         <object_component_ref idref="oc-9b"/>
      </symbol>
      <symbol id="sm-287">
         <name>_PartIdRegs</name>
         <value>0x380090</value>
         <object_component_ref idref="oc-6f"/>
      </symbol>
      <symbol id="sm-288">
         <name>_EPwm2Regs</name>
         <value>0x6840</value>
         <object_component_ref idref="oc-89"/>
      </symbol>
      <symbol id="sm-289">
         <name>_ECanaMboxes</name>
         <value>0x6100</value>
         <object_component_ref idref="oc-9e"/>
      </symbol>
      <symbol id="sm-28a">
         <name>_ECap3Regs</name>
         <value>0x6a40</value>
         <object_component_ref idref="oc-82"/>
      </symbol>
      <symbol id="sm-28b">
         <name>_ECanaMOTORegs</name>
         <value>0x60c0</value>
         <object_component_ref idref="oc-96"/>
      </symbol>
      <symbol id="sm-28c">
         <name>_EPwm3Regs</name>
         <value>0x6880</value>
         <object_component_ref idref="oc-8a"/>
      </symbol>
      <symbol id="sm-28d">
         <name>_ECanbLAMRegs</name>
         <value>0x6240</value>
         <object_component_ref idref="oc-97"/>
      </symbol>
      <symbol id="sm-28e">
         <name>_I2caRegs</name>
         <value>0x7900</value>
         <object_component_ref idref="oc-8e"/>
      </symbol>
      <symbol id="sm-29a">
         <name>_InitGpio</name>
         <value>0x9573</value>
         <object_component_ref idref="oc-f1"/>
      </symbol>
      <symbol id="sm-2a7">
         <name>_InitPieCtrl</name>
         <value>0x94c9</value>
         <object_component_ref idref="oc-f3"/>
      </symbol>
      <symbol id="sm-2a9">
         <name>_EnableInterrupts</name>
         <value>0x94e8</value>
         <object_component_ref idref="oc-f3"/>
      </symbol>
      <symbol id="sm-2ba">
         <name>_PieVectTableInit</name>
         <value>0xd000</value>
         <object_component_ref idref="oc-f7"/>
      </symbol>
      <symbol id="sm-2bb">
         <name>_InitPieVectTable</name>
         <value>0x9536</value>
         <object_component_ref idref="oc-f4"/>
      </symbol>
      <symbol id="sm-2d1">
         <name>_InitPll</name>
         <value>0x9331</value>
         <object_component_ref idref="oc-f0"/>
      </symbol>
      <symbol id="sm-2d3">
         <name>_DisableDog</name>
         <value>0x9329</value>
         <object_component_ref idref="oc-f0"/>
      </symbol>
      <symbol id="sm-2d5">
         <name>_InitPeripheralClocks</name>
         <value>0x9382</value>
         <object_component_ref idref="oc-f0"/>
      </symbol>
      <symbol id="sm-2d7">
         <name>_CsmUnlock</name>
         <value>0x93dd</value>
         <object_component_ref idref="oc-f0"/>
      </symbol>
      <symbol id="sm-2d9">
         <name>_ServiceDog</name>
         <value>0x931f</value>
         <object_component_ref idref="oc-f0"/>
      </symbol>
      <symbol id="sm-2db">
         <name>_InitSysCtrl</name>
         <value>0x9316</value>
         <object_component_ref idref="oc-f0"/>
      </symbol>
      <symbol id="sm-2e8">
         <name>_DSP28x_usDelay</name>
         <value>0x8025</value>
         <object_component_ref idref="oc-b6"/>
      </symbol>
      <symbol id="sm-303">
         <name>_c_int00</name>
         <value>0x940e</value>
         <object_component_ref idref="oc-4b"/>
      </symbol>
      <symbol id="sm-304">
         <name>__stack</name>
         <value>0x400</value>
         <object_component_ref idref="oc-bb"/>
      </symbol>
      <symbol id="sm-313">
         <name>_copy_in</name>
         <value>0x94f1</value>
         <object_component_ref idref="oc-e7"/>
      </symbol>
      <symbol id="sm-325">
         <name>_memcpy</name>
         <value>0x9556</value>
         <object_component_ref idref="oc-ec"/>
      </symbol>
      <symbol id="sm-332">
         <name>__system_pre_init</name>
         <value>0x95b7</value>
         <object_component_ref idref="oc-e6"/>
      </symbol>
      <symbol id="sm-340">
         <name>__system_post_cinit</name>
         <value>0x95b9</value>
         <object_component_ref idref="oc-e8"/>
      </symbol>
      <symbol id="sm-355">
         <name>C$$EXIT</name>
         <value>0x94a0</value>
         <object_component_ref idref="oc-ea"/>
      </symbol>
      <symbol id="sm-356">
         <name>_exit</name>
         <value>0x94a2</value>
         <object_component_ref idref="oc-ea"/>
      </symbol>
      <symbol id="sm-358">
         <name>___TI_cleanup_ptr</name>
         <value>0xc008</value>
         <object_component_ref idref="oc-d7"/>
      </symbol>
      <symbol id="sm-359">
         <name>___TI_enable_exit_profile_output</name>
         <value>0xc006</value>
         <object_component_ref idref="oc-d7"/>
      </symbol>
      <symbol id="sm-35a">
         <name>_abort</name>
         <value>0x94a0</value>
         <object_component_ref idref="oc-ea"/>
      </symbol>
      <symbol id="sm-35c">
         <name>___TI_dtors_ptr</name>
         <value>0xc00a</value>
         <object_component_ref idref="oc-d7"/>
      </symbol>
      <symbol id="sm-370">
         <name>__unlock</name>
         <value>0xc00e</value>
         <object_component_ref idref="oc-f8"/>
      </symbol>
      <symbol id="sm-371">
         <name>__lock</name>
         <value>0xc00c</value>
         <object_component_ref idref="oc-ee"/>
      </symbol>
      <symbol id="sm-372">
         <name>__register_lock</name>
         <value>0x95aa</value>
         <object_component_ref idref="oc-f5"/>
      </symbol>
      <symbol id="sm-374">
         <name>__nop</name>
         <value>0x95ae</value>
         <object_component_ref idref="oc-f5"/>
      </symbol>
      <symbol id="sm-376">
         <name>__register_unlock</name>
         <value>0x95a6</value>
         <object_component_ref idref="oc-f5"/>
      </symbol>
      <symbol id="sm-386">
         <name>__args_main</name>
         <value>0x958a</value>
         <object_component_ref idref="oc-e9"/>
      </symbol>
   </symbol_table>
   <title>Link successful</title>
</link_info>
